15:35:02 **** Build of project xilkernel_bsp_0 ****
make -k all 
libgen -hw ../05-04-18_hw_platform/system.xml\
	       \
	       -pe microblaze_0 \
	       -log libgen.log \
	       system.mss
libgen
Xilinx EDK 14.7 Build EDK_P.20131013
Copyright (c) 1995-2012 Xilinx, Inc.  All rights reserved.

Command Line: libgen -hw ../05-04-18_hw_platform/system.xml -pe microblaze_0
-log libgen.log system.mss 


Staging source files.
Running DRCs.
Running generate.
Running post_generate.
Running include - 'make -s include "COMPILER=mb-gcc" "ARCHIVER=mb-ar"
"COMPILER_FLAGS=-mlittle-endian -mno-xl-soft-mul -mxl-barrel-shift
-mxl-pattern-compare -mcpu=v8.50.c  -O2 -c" "EXTRA_COMPILER_FLAGS=-g
-ffunction-sections -fdata-sections"'.

Running libs - 'make -s libs "COMPILER=mb-gcc" "ARCHIVER=mb-ar"
"COMPILER_FLAGS=-mlittle-endian -mno-xl-soft-mul -mxl-barrel-shift
-mxl-pattern-compare -mcpu=v8.50.c  -O2 -c" "EXTRA_COMPILER_FLAGS=-g
-ffunction-sections -fdata-sections"'.
"Compiling standalone";
"Compiling common"
mb-ar: creating ./libsyscall.a
mb-ar: creating ./libxilkernel.a
"Compiling xilkernel"
"Compiling gpio"
"Compiling intc"
"Compiling tmrctr"
"Compiling uartlite"
"Compiling bram"
"Compiling cpu"
Running execs_generate.
'Finished building libraries'
15:35:45 **** Build of project project_bsp ****
make -k all 
libgen -hw ../05-04-18_hw_platform/system.xml\
	       \
	       -pe microblaze_0 \
	       -log libgen.log \
	       system.mss
libgen
Xilinx EDK 14.7 Build EDK_P.20131013
Copyright (c) 1995-2012 Xilinx, Inc.  All rights reserved.

Command Line: libgen -hw ../05-04-18_hw_platform/system.xml -pe microblaze_0
-log libgen.log system.mss 


Staging source files.
Running DRCs.
Running generate.
Running post_generate.
Running include - 'make -s include "COMPILER=mb-gcc" "ARCHIVER=mb-ar"
"COMPILER_FLAGS=-mlittle-endian -mno-xl-soft-mul -mxl-barrel-shift
-mxl-pattern-compare -mcpu=v8.50.c  -O2 -c" "EXTRA_COMPILER_FLAGS=-g
-ffunction-sections -fdata-sections"'.

Running libs - 'make -s libs "COMPILER=mb-gcc" "ARCHIVER=mb-ar"
"COMPILER_FLAGS=-mlittle-endian -mno-xl-soft-mul -mxl-barrel-shift
-mxl-pattern-compare -mcpu=v8.50.c  -O2 -c" "EXTRA_COMPILER_FLAGS=-g
-ffunction-sections -fdata-sections"'.
"Compiling standalone";
"Compiling common"
mb-ar: creating ./libsyscall.a
mb-ar: creating ./libxilkernel.a
"Compiling xilkernel"
"Compiling gpio"
"Compiling intc"
"Compiling tmrctr"
"Compiling uartlite"
"Compiling bram"
"Compiling cpu"
Running execs_generate.
'Finished building libraries'

**** Build of configuration Debug for project project ****

Nothing to build for project project
15:36:40 **** Auto Build of configuration Debug for project project ****
make all 
'Building file: ../src/hw_lcd.c'
'Invoking: MicroBlaze gcc compiler'
mb-gcc -Wall -O0 -g3 -c -fmessage-length=0 -D __XMK__ -I../../project_bsp/microblaze_0/include -mlittle-endian -mxl-barrel-shift -mxl-pattern-compare -mcpu=v8.50.c -mno-xl-soft-mul -Wl,--no-relax -ffunction-sections -fdata-sections -MMD -MP -MF"src/hw_lcd.d" -MT"src/hw_lcd.d" -o "src/hw_lcd.o" "../src/hw_lcd.c"
../src/hw_lcd.c: In function 'button_N_int_handler':
../src/hw_lcd.c:37:10: warning: unused variable 'test' [-Wunused-variable]
../src/hw_lcd.c: In function 'rtc_test':
../src/hw_lcd.c:84:6: warning: format '%d' expects argument of type 'int', but argument 3 has type 'Xuint32' [-Wformat]
../src/hw_lcd.c:84:6: warning: format '%d' expects argument of type 'int', but argument 4 has type 'Xuint32' [-Wformat]
../src/hw_lcd.c:84:6: warning: format '%d' expects argument of type 'int', but argument 5 has type 'Xuint32' [-Wformat]
../src/hw_lcd.c:84:6: warning: format '%d' expects argument of type 'int', but argument 3 has type 'Xuint32' [-Wformat]
../src/hw_lcd.c:84:6: warning: format '%d' expects argument of type 'int', but argument 4 has type 'Xuint32' [-Wformat]
../src/hw_lcd.c:84:6: warning: format '%d' expects argument of type 'int', but argument 5 has type 'Xuint32' [-Wformat]
'Finished building: ../src/hw_lcd.c'
' '
'Building file: ../src/lcd.c'
'Invoking: MicroBlaze gcc compiler'
mb-gcc -Wall -O0 -g3 -c -fmessage-length=0 -D __XMK__ -I../../project_bsp/microblaze_0/include -mlittle-endian -mxl-barrel-shift -mxl-pattern-compare -mcpu=v8.50.c -mno-xl-soft-mul -Wl,--no-relax -ffunction-sections -fdata-sections -MMD -MP -MF"src/lcd.d" -MT"src/lcd.d" -o "src/lcd.o" "../src/lcd.c"
'Finished building: ../src/lcd.c'
' '
'Building target: project.elf'
'Invoking: MicroBlaze gcc linker'
mb-gcc -Wl,-T -Wl,../src/lscript.ld -L../../project_bsp/microblaze_0/lib -mlittle-endian -mxl-barrel-shift -mxl-pattern-compare -mcpu=v8.50.c -mno-xl-soft-mul -Wl,--no-relax -Wl,--gc-sections -o "project.elf"  ./src/hw_lcd.o ./src/lcd.o   -lxilkernel
'Finished building target: project.elf'
' '
'Invoking: MicroBlaze Print Size'
mb-size project.elf  |tee "project.elf.size"
   text	   data	    bss	    dec	    hex	filename
  65212	   1788	  15872	  82872	  143b8	project.elf
'Finished building: project.elf.size'
' '
'Invoking: Xilinx ELF Check'
elfcheck project.elf -hw ../../05-04-18_hw_platform/system.xml -pe microblaze_0  |tee "project.elf.elfcheck"
elfcheck
Xilinx EDK 14.7 Build EDK_P.20131013
Copyright (c) 1995-2012 Xilinx, Inc.  All rights reserved.

Command Line: elfcheck -hw ../../05-04-18_hw_platform/system.xml -pe
microblaze_0 project.elf 

ELF file	: project.elf
elfcheck passed.
'Finished building: project.elf.elfcheck'
' '
15:37:02 **** Clean-only build of configuration Debug for project project ****
make clean 
rm -rf  ./src/hw_lcd.o ./src/lcd.o  ./src/hw_lcd.d ./src/lcd.d  project.elf.size  project.elf.elfcheck  project.elf
' '
15:37:02 **** Auto Build of configuration Debug for project project ****
make all 
'Building file: ../src/hw_lcd.c'
'Invoking: MicroBlaze gcc compiler'
mb-gcc -Wall -O0 -g3 -c -fmessage-length=0 -D __XMK__ -I../../project_bsp/microblaze_0/include -mlittle-endian -mxl-barrel-shift -mxl-pattern-compare -mcpu=v8.50.c -mno-xl-soft-mul -Wl,--no-relax -ffunction-sections -fdata-sections -MMD -MP -MF"src/hw_lcd.d" -MT"src/hw_lcd.d" -o "src/hw_lcd.o" "../src/hw_lcd.c"
../src/hw_lcd.c: In function 'button_N_int_handler':
../src/hw_lcd.c:37:10: warning: unused variable 'test' [-Wunused-variable]
../src/hw_lcd.c: In function 'rtc_test':
../src/hw_lcd.c:84:6: warning: format '%d' expects argument of type 'int', but argument 3 has type 'Xuint32' [-Wformat]
../src/hw_lcd.c:84:6: warning: format '%d' expects argument of type 'int', but argument 4 has type 'Xuint32' [-Wformat]
../src/hw_lcd.c:84:6: warning: format '%d' expects argument of type 'int', but argument 5 has type 'Xuint32' [-Wformat]
../src/hw_lcd.c:84:6: warning: format '%d' expects argument of type 'int', but argument 3 has type 'Xuint32' [-Wformat]
../src/hw_lcd.c:84:6: warning: format '%d' expects argument of type 'int', but argument 4 has type 'Xuint32' [-Wformat]
../src/hw_lcd.c:84:6: warning: format '%d' expects argument of type 'int', but argument 5 has type 'Xuint32' [-Wformat]
'Finished building: ../src/hw_lcd.c'
' '
'Building file: ../src/lcd.c'
'Invoking: MicroBlaze gcc compiler'
mb-gcc -Wall -O0 -g3 -c -fmessage-length=0 -D __XMK__ -I../../project_bsp/microblaze_0/include -mlittle-endian -mxl-barrel-shift -mxl-pattern-compare -mcpu=v8.50.c -mno-xl-soft-mul -Wl,--no-relax -ffunction-sections -fdata-sections -MMD -MP -MF"src/lcd.d" -MT"src/lcd.d" -o "src/lcd.o" "../src/lcd.c"
'Finished building: ../src/lcd.c'
' '
'Building target: project.elf'
'Invoking: MicroBlaze gcc linker'
mb-gcc -Wl,-T -Wl,../src/lscript.ld -L../../project_bsp/microblaze_0/lib -mlittle-endian -mxl-barrel-shift -mxl-pattern-compare -mcpu=v8.50.c -mno-xl-soft-mul -Wl,--no-relax -Wl,--gc-sections -o "project.elf"  ./src/hw_lcd.o ./src/lcd.o   -lxilkernel
'Finished building target: project.elf'
' '
'Invoking: MicroBlaze Print Size'
mb-size project.elf  |tee "project.elf.size"
   text	   data	    bss	    dec	    hex	filename
  65212	   1788	  15872	  82872	  143b8	project.elf
'Finished building: project.elf.size'
' '
'Invoking: Xilinx ELF Check'
elfcheck project.elf -hw ../../05-04-18_hw_platform/system.xml -pe microblaze_0  |tee "project.elf.elfcheck"
elfcheck
Xilinx EDK 14.7 Build EDK_P.20131013
Copyright (c) 1995-2012 Xilinx, Inc.  All rights reserved.

Command Line: elfcheck -hw ../../05-04-18_hw_platform/system.xml -pe
microblaze_0 project.elf 

ELF file	: project.elf
elfcheck passed.
'Finished building: project.elf.elfcheck'
' '
15:38:02 **** Incremental Build of configuration Debug for project project ****
make all 
make: Nothing to be done for `all'.
15:38:31 **** Auto Build of project project_bsp ****
make -k all 
'Finished building libraries'
15:38:32 **** Auto Build of project xilkernel_bsp_0 ****
make -k all 
'Finished building libraries'
15:38:36 **** Incremental Build of configuration Debug for project project ****
make all 
make: Nothing to be done for `all'.
15:41:04 **** Auto Build of configuration Debug for project project ****
make all 
'Building file: ../src/hw_lcd.c'
'Invoking: MicroBlaze gcc compiler'
mb-gcc -Wall -O0 -g3 -c -fmessage-length=0 -D __XMK__ -I../../project_bsp/microblaze_0/include -mlittle-endian -mxl-barrel-shift -mxl-pattern-compare -mcpu=v8.50.c -mno-xl-soft-mul -Wl,--no-relax -ffunction-sections -fdata-sections -MMD -MP -MF"src/hw_lcd.d" -MT"src/hw_lcd.d" -o "src/hw_lcd.o" "../src/hw_lcd.c"
../src/hw_lcd.c: In function 'rtc_test':
../src/hw_lcd.c:78:6: warning: format '%d' expects argument of type 'int', but argument 3 has type 'Xuint32' [-Wformat]
../src/hw_lcd.c:78:6: warning: format '%d' expects argument of type 'int', but argument 4 has type 'Xuint32' [-Wformat]
../src/hw_lcd.c:78:6: warning: format '%d' expects argument of type 'int', but argument 5 has type 'Xuint32' [-Wformat]
../src/hw_lcd.c:78:6: warning: format '%d' expects argument of type 'int', but argument 3 has type 'Xuint32' [-Wformat]
../src/hw_lcd.c:78:6: warning: format '%d' expects argument of type 'int', but argument 4 has type 'Xuint32' [-Wformat]
../src/hw_lcd.c:78:6: warning: format '%d' expects argument of type 'int', but argument 5 has type 'Xuint32' [-Wformat]
'Finished building: ../src/hw_lcd.c'
' '
'Building target: project.elf'
'Invoking: MicroBlaze gcc linker'
mb-gcc -Wl,-T -Wl,../src/lscript.ld -L../../project_bsp/microblaze_0/lib -mlittle-endian -mxl-barrel-shift -mxl-pattern-compare -mcpu=v8.50.c -mno-xl-soft-mul -Wl,--no-relax -Wl,--gc-sections -o "project.elf"  ./src/hw_lcd.o ./src/lcd.o   -lxilkernel
'Finished building target: project.elf'
' '
'Invoking: MicroBlaze Print Size'
mb-size project.elf  |tee "project.elf.size"
   text	   data	    bss	    dec	    hex	filename
  65204	   1788	  15872	  82864	  143b0	project.elf
'Finished building: project.elf.size'
' '
'Invoking: Xilinx ELF Check'
elfcheck project.elf -hw ../../05-04-18_hw_platform/system.xml -pe microblaze_0  |tee "project.elf.elfcheck"
elfcheck
Xilinx EDK 14.7 Build EDK_P.20131013
Copyright (c) 1995-2012 Xilinx, Inc.  All rights reserved.

Command Line: elfcheck -hw ../../05-04-18_hw_platform/system.xml -pe
microblaze_0 project.elf 

ELF file	: project.elf
elfcheck passed.
'Finished building: project.elf.elfcheck'
' '
15:41:11 **** Incremental Build of configuration Debug for project project ****
make all 
make: Nothing to be done for `all'.
17:10:14 **** Auto Build of configuration Debug for project project ****
make all 
'Building file: ../src/hw_lcd.c'
'Invoking: MicroBlaze gcc compiler'
mb-gcc -Wall -O0 -g3 -c -fmessage-length=0 -D __XMK__ -I../../project_bsp/microblaze_0/include -mlittle-endian -mxl-barrel-shift -mxl-pattern-compare -mcpu=v8.50.c -mno-xl-soft-mul -Wl,--no-relax -ffunction-sections -fdata-sections -MMD -MP -MF"src/hw_lcd.d" -MT"src/hw_lcd.d" -o "src/hw_lcd.o" "../src/hw_lcd.c"
../src/hw_lcd.c: In function 'rtc_test':
../src/hw_lcd.c:93:6: warning: format '%d' expects argument of type 'int', but argument 3 has type 'Xuint32' [-Wformat]
../src/hw_lcd.c:93:6: warning: format '%d' expects argument of type 'int', but argument 4 has type 'Xuint32' [-Wformat]
../src/hw_lcd.c:93:6: warning: format '%d' expects argument of type 'int', but argument 5 has type 'Xuint32' [-Wformat]
../src/hw_lcd.c:93:6: warning: format '%d' expects argument of type 'int', but argument 3 has type 'Xuint32' [-Wformat]
../src/hw_lcd.c:93:6: warning: format '%d' expects argument of type 'int', but argument 4 has type 'Xuint32' [-Wformat]
../src/hw_lcd.c:93:6: warning: format '%d' expects argument of type 'int', but argument 5 has type 'Xuint32' [-Wformat]
../src/hw_lcd.c: In function 'set_time':
../src/hw_lcd.c:114:3: warning: format '%d' expects argument of type 'int', but argument 3 has type 'Xuint32' [-Wformat]
../src/hw_lcd.c:114:3: warning: format '%d' expects argument of type 'int', but argument 4 has type 'Xuint32' [-Wformat]
../src/hw_lcd.c:114:3: warning: format '%d' expects argument of type 'int', but argument 5 has type 'Xuint32' [-Wformat]
../src/hw_lcd.c:114:3: warning: format '%d' expects argument of type 'int', but argument 3 has type 'Xuint32' [-Wformat]
../src/hw_lcd.c:114:3: warning: format '%d' expects argument of type 'int', but argument 4 has type 'Xuint32' [-Wformat]
../src/hw_lcd.c:114:3: warning: format '%d' expects argument of type 'int', but argument 5 has type 'Xuint32' [-Wformat]
../src/hw_lcd.c:136:7: warning: passing argument 1 of 'lcd_move' makes integer from pointer without a cast [enabled by default]
../src/lcd.h:40:6: note: expected 'Xuint32' but argument is of type 'char *'
../src/hw_lcd.c:136:7: error: too few arguments to function 'lcd_move'
../src/lcd.h:40:6: note: declared here
../src/hw_lcd.c:141:7: warning: passing argument 1 of 'lcd_move' makes integer from pointer without a cast [enabled by default]
../src/lcd.h:40:6: note: expected 'Xuint32' but argument is of type 'char *'
../src/hw_lcd.c:141:7: error: too few arguments to function 'lcd_move'
../src/lcd.h:40:6: note: declared here
../src/hw_lcd.c:161:7: warning: passing argument 1 of 'lcd_move' makes integer from pointer without a cast [enabled by default]
../src/lcd.h:40:6: note: expected 'Xuint32' but argument is of type 'char *'
../src/hw_lcd.c:161:7: error: too few arguments to function 'lcd_move'
../src/lcd.h:40:6: note: declared here
../src/hw_lcd.c:166:7: warning: passing argument 1 of 'lcd_move' makes integer from pointer without a cast [enabled by default]
../src/lcd.h:40:6: note: expected 'Xuint32' but argument is of type 'char *'
../src/hw_lcd.c:166:7: error: too few arguments to function 'lcd_move'
../src/lcd.h:40:6: note: declared here
../src/hw_lcd.c: In function 'main':
../src/hw_lcd.c:285:5: warning: implicit declaration of function 'XGpio_Initilize' [-Wimplicit-function-declaration]
make: *** [src/hw_lcd.o] Error 1
17:10:29 **** Auto Build of configuration Debug for project project ****
make all 
'Building file: ../src/hw_lcd.c'
'Invoking: MicroBlaze gcc compiler'
mb-gcc -Wall -O0 -g3 -c -fmessage-length=0 -D __XMK__ -I../../project_bsp/microblaze_0/include -mlittle-endian -mxl-barrel-shift -mxl-pattern-compare -mcpu=v8.50.c -mno-xl-soft-mul -Wl,--no-relax -ffunction-sections -fdata-sections -MMD -MP -MF"src/hw_lcd.d" -MT"src/hw_lcd.d" -o "src/hw_lcd.o" "../src/hw_lcd.c"
../src/hw_lcd.c: In function 'rtc_test':
../src/hw_lcd.c:93:6: warning: format '%d' expects argument of type 'int', but argument 3 has type 'Xuint32' [-Wformat]
../src/hw_lcd.c:93:6: warning: format '%d' expects argument of type 'int', but argument 4 has type 'Xuint32' [-Wformat]
../src/hw_lcd.c:93:6: warning: format '%d' expects argument of type 'int', but argument 5 has type 'Xuint32' [-Wformat]
../src/hw_lcd.c:93:6: warning: format '%d' expects argument of type 'int', but argument 3 has type 'Xuint32' [-Wformat]
../src/hw_lcd.c:93:6: warning: format '%d' expects argument of type 'int', but argument 4 has type 'Xuint32' [-Wformat]
../src/hw_lcd.c:93:6: warning: format '%d' expects argument of type 'int', but argument 5 has type 'Xuint32' [-Wformat]
../src/hw_lcd.c: In function 'set_time':
../src/hw_lcd.c:114:3: warning: format '%d' expects argument of type 'int', but argument 3 has type 'Xuint32' [-Wformat]
../src/hw_lcd.c:114:3: warning: format '%d' expects argument of type 'int', but argument 4 has type 'Xuint32' [-Wformat]
../src/hw_lcd.c:114:3: warning: format '%d' expects argument of type 'int', but argument 5 has type 'Xuint32' [-Wformat]
../src/hw_lcd.c:114:3: warning: format '%d' expects argument of type 'int', but argument 3 has type 'Xuint32' [-Wformat]
../src/hw_lcd.c:114:3: warning: format '%d' expects argument of type 'int', but argument 4 has type 'Xuint32' [-Wformat]
../src/hw_lcd.c:114:3: warning: format '%d' expects argument of type 'int', but argument 5 has type 'Xuint32' [-Wformat]
../src/hw_lcd.c:136:7: warning: passing argument 1 of 'lcd_move' makes integer from pointer without a cast [enabled by default]
../src/lcd.h:40:6: note: expected 'Xuint32' but argument is of type 'char *'
../src/hw_lcd.c:136:7: error: too few arguments to function 'lcd_move'
../src/lcd.h:40:6: note: declared here
../src/hw_lcd.c:141:7: warning: passing argument 1 of 'lcd_move' makes integer from pointer without a cast [enabled by default]
../src/lcd.h:40:6: note: expected 'Xuint32' but argument is of type 'char *'
../src/hw_lcd.c:141:7: error: too few arguments to function 'lcd_move'
../src/lcd.h:40:6: note: declared here
../src/hw_lcd.c:161:7: warning: passing argument 1 of 'lcd_move' makes integer from pointer without a cast [enabled by default]
../src/lcd.h:40:6: note: expected 'Xuint32' but argument is of type 'char *'
../src/hw_lcd.c:161:7: error: too few arguments to function 'lcd_move'
../src/lcd.h:40:6: note: declared here
../src/hw_lcd.c:166:7: warning: passing argument 1 of 'lcd_move' makes integer from pointer without a cast [enabled by default]
../src/lcd.h:40:6: note: expected 'Xuint32' but argument is of type 'char *'
../src/hw_lcd.c:166:7: error: too few arguments to function 'lcd_move'
../src/lcd.h:40:6: note: declared here
make: *** [src/hw_lcd.o] Error 1
17:10:54 **** Auto Build of configuration Debug for project project ****
make all 
'Building file: ../src/hw_lcd.c'
'Invoking: MicroBlaze gcc compiler'
mb-gcc -Wall -O0 -g3 -c -fmessage-length=0 -D __XMK__ -I../../project_bsp/microblaze_0/include -mlittle-endian -mxl-barrel-shift -mxl-pattern-compare -mcpu=v8.50.c -mno-xl-soft-mul -Wl,--no-relax -ffunction-sections -fdata-sections -MMD -MP -MF"src/hw_lcd.d" -MT"src/hw_lcd.d" -o "src/hw_lcd.o" "../src/hw_lcd.c"
../src/hw_lcd.c: In function 'rtc_test':
../src/hw_lcd.c:93:6: warning: format '%d' expects argument of type 'int', but argument 3 has type 'Xuint32' [-Wformat]
../src/hw_lcd.c:93:6: warning: format '%d' expects argument of type 'int', but argument 4 has type 'Xuint32' [-Wformat]
../src/hw_lcd.c:93:6: warning: format '%d' expects argument of type 'int', but argument 5 has type 'Xuint32' [-Wformat]
../src/hw_lcd.c:93:6: warning: format '%d' expects argument of type 'int', but argument 3 has type 'Xuint32' [-Wformat]
../src/hw_lcd.c:93:6: warning: format '%d' expects argument of type 'int', but argument 4 has type 'Xuint32' [-Wformat]
../src/hw_lcd.c:93:6: warning: format '%d' expects argument of type 'int', but argument 5 has type 'Xuint32' [-Wformat]
../src/hw_lcd.c: In function 'set_time':
../src/hw_lcd.c:114:3: warning: format '%d' expects argument of type 'int', but argument 3 has type 'Xuint32' [-Wformat]
../src/hw_lcd.c:114:3: warning: format '%d' expects argument of type 'int', but argument 4 has type 'Xuint32' [-Wformat]
../src/hw_lcd.c:114:3: warning: format '%d' expects argument of type 'int', but argument 5 has type 'Xuint32' [-Wformat]
../src/hw_lcd.c:114:3: warning: format '%d' expects argument of type 'int', but argument 3 has type 'Xuint32' [-Wformat]
../src/hw_lcd.c:114:3: warning: format '%d' expects argument of type 'int', but argument 4 has type 'Xuint32' [-Wformat]
../src/hw_lcd.c:114:3: warning: format '%d' expects argument of type 'int', but argument 5 has type 'Xuint32' [-Wformat]
'Finished building: ../src/hw_lcd.c'
' '
'Building target: project.elf'
'Invoking: MicroBlaze gcc linker'
mb-gcc -Wl,-T -Wl,../src/lscript.ld -L../../project_bsp/microblaze_0/lib -mlittle-endian -mxl-barrel-shift -mxl-pattern-compare -mcpu=v8.50.c -mno-xl-soft-mul -Wl,--no-relax -Wl,--gc-sections -o "project.elf"  ./src/hw_lcd.o ./src/lcd.o   -lxilkernel
./src/hw_lcd.o: In function `button_N_int_handler':
C:\temp\05-04-18\workspace5\project\Debug/../src/hw_lcd.c:185: undefined reference to `sem_post'
./src/hw_lcd.o: In function `button_E_int_handler':
C:\temp\05-04-18\workspace5\project\Debug/../src/hw_lcd.c:185: undefined reference to `sem_post'
./src/hw_lcd.o: In function `button_S_int_handler':
C:\temp\05-04-18\workspace5\project\Debug/../src/hw_lcd.c:185: undefined reference to `sem_post'
./src/hw_lcd.o: In function `button_W_int_handler':
C:\temp\05-04-18\workspace5\project\Debug/../src/hw_lcd.c:185: undefined reference to `sem_post'
./src/hw_lcd.o: In function `button_C_int_handler':
C:\temp\05-04-18\workspace5\project\Debug/../src/hw_lcd.c:185: undefined reference to `sem_post'
./src/hw_lcd.o: In function `main':
C:\temp\05-04-18\workspace5\project\Debug/../src/hw_lcd.c:303: undefined reference to `sem_init'
collect2: ld returned 1 exit status
make: *** [project.elf] Error 1
17:13:45 **** Auto Build of configuration Debug for project project ****
make all 
'Building file: ../src/hw_lcd.c'
'Invoking: MicroBlaze gcc compiler'
mb-gcc -Wall -O0 -g3 -c -fmessage-length=0 -D __XMK__ -I../../project_bsp/microblaze_0/include -mlittle-endian -mxl-barrel-shift -mxl-pattern-compare -mcpu=v8.50.c -mno-xl-soft-mul -Wl,--no-relax -ffunction-sections -fdata-sections -MMD -MP -MF"src/hw_lcd.d" -MT"src/hw_lcd.d" -o "src/hw_lcd.o" "../src/hw_lcd.c"
../src/hw_lcd.c: In function 'rtc_test':
../src/hw_lcd.c:94:6: warning: format '%d' expects argument of type 'int', but argument 3 has type 'Xuint32' [-Wformat]
../src/hw_lcd.c:94:6: warning: format '%d' expects argument of type 'int', but argument 4 has type 'Xuint32' [-Wformat]
../src/hw_lcd.c:94:6: warning: format '%d' expects argument of type 'int', but argument 5 has type 'Xuint32' [-Wformat]
../src/hw_lcd.c:94:6: warning: format '%d' expects argument of type 'int', but argument 3 has type 'Xuint32' [-Wformat]
../src/hw_lcd.c:94:6: warning: format '%d' expects argument of type 'int', but argument 4 has type 'Xuint32' [-Wformat]
../src/hw_lcd.c:94:6: warning: format '%d' expects argument of type 'int', but argument 5 has type 'Xuint32' [-Wformat]
../src/hw_lcd.c: In function 'set_time':
../src/hw_lcd.c:115:3: warning: format '%d' expects argument of type 'int', but argument 3 has type 'Xuint32' [-Wformat]
../src/hw_lcd.c:115:3: warning: format '%d' expects argument of type 'int', but argument 4 has type 'Xuint32' [-Wformat]
../src/hw_lcd.c:115:3: warning: format '%d' expects argument of type 'int', but argument 5 has type 'Xuint32' [-Wformat]
../src/hw_lcd.c:115:3: warning: format '%d' expects argument of type 'int', but argument 3 has type 'Xuint32' [-Wformat]
../src/hw_lcd.c:115:3: warning: format '%d' expects argument of type 'int', but argument 4 has type 'Xuint32' [-Wformat]
../src/hw_lcd.c:115:3: warning: format '%d' expects argument of type 'int', but argument 5 has type 'Xuint32' [-Wformat]
'Finished building: ../src/hw_lcd.c'
' '
'Building target: project.elf'
'Invoking: MicroBlaze gcc linker'
mb-gcc -Wl,-T -Wl,../src/lscript.ld -L../../project_bsp/microblaze_0/lib -mlittle-endian -mxl-barrel-shift -mxl-pattern-compare -mcpu=v8.50.c -mno-xl-soft-mul -Wl,--no-relax -Wl,--gc-sections -o "project.elf"  ./src/hw_lcd.o ./src/lcd.o   -lxilkernel
./src/hw_lcd.o: In function `button_N_int_handler':
C:\temp\05-04-18\workspace5\project\Debug/../src/hw_lcd.c:186: undefined reference to `sem_post'
./src/hw_lcd.o: In function `button_E_int_handler':
C:\temp\05-04-18\workspace5\project\Debug/../src/hw_lcd.c:186: undefined reference to `sem_post'
./src/hw_lcd.o: In function `button_S_int_handler':
C:\temp\05-04-18\workspace5\project\Debug/../src/hw_lcd.c:186: undefined reference to `sem_post'
./src/hw_lcd.o: In function `button_W_int_handler':
C:\temp\05-04-18\workspace5\project\Debug/../src/hw_lcd.c:186: undefined reference to `sem_post'
./src/hw_lcd.o: In function `button_C_int_handler':
C:\temp\05-04-18\workspace5\project\Debug/../src/hw_lcd.c:186: undefined reference to `sem_post'
./src/hw_lcd.o: In function `main':
C:\temp\05-04-18\workspace5\project\Debug/../src/hw_lcd.c:304: undefined reference to `sem_init'
collect2: ld returned 1 exit status
make: *** [project.elf] Error 1
17:15:37 **** Auto Build of configuration Debug for project project ****
make all 
'Building file: ../src/hw_lcd.c'
'Invoking: MicroBlaze gcc compiler'
mb-gcc -Wall -O0 -g3 -c -fmessage-length=0 -D __XMK__ -I../../project_bsp/microblaze_0/include -mlittle-endian -mxl-barrel-shift -mxl-pattern-compare -mcpu=v8.50.c -mno-xl-soft-mul -Wl,--no-relax -ffunction-sections -fdata-sections -MMD -MP -MF"src/hw_lcd.d" -MT"src/hw_lcd.d" -o "src/hw_lcd.o" "../src/hw_lcd.c"
../src/hw_lcd.c: In function 'rtc_test':
../src/hw_lcd.c:94:6: warning: format '%d' expects argument of type 'int', but argument 3 has type 'Xuint32' [-Wformat]
../src/hw_lcd.c:94:6: warning: format '%d' expects argument of type 'int', but argument 4 has type 'Xuint32' [-Wformat]
../src/hw_lcd.c:94:6: warning: format '%d' expects argument of type 'int', but argument 5 has type 'Xuint32' [-Wformat]
../src/hw_lcd.c:94:6: warning: format '%d' expects argument of type 'int', but argument 3 has type 'Xuint32' [-Wformat]
../src/hw_lcd.c:94:6: warning: format '%d' expects argument of type 'int', but argument 4 has type 'Xuint32' [-Wformat]
../src/hw_lcd.c:94:6: warning: format '%d' expects argument of type 'int', but argument 5 has type 'Xuint32' [-Wformat]
../src/hw_lcd.c: In function 'set_time':
../src/hw_lcd.c:115:3: warning: format '%d' expects argument of type 'int', but argument 3 has type 'Xuint32' [-Wformat]
../src/hw_lcd.c:115:3: warning: format '%d' expects argument of type 'int', but argument 4 has type 'Xuint32' [-Wformat]
../src/hw_lcd.c:115:3: warning: format '%d' expects argument of type 'int', but argument 5 has type 'Xuint32' [-Wformat]
../src/hw_lcd.c:115:3: warning: format '%d' expects argument of type 'int', but argument 3 has type 'Xuint32' [-Wformat]
../src/hw_lcd.c:115:3: warning: format '%d' expects argument of type 'int', but argument 4 has type 'Xuint32' [-Wformat]
../src/hw_lcd.c:115:3: warning: format '%d' expects argument of type 'int', but argument 5 has type 'Xuint32' [-Wformat]
'Finished building: ../src/hw_lcd.c'
' '
'Building target: project.elf'
'Invoking: MicroBlaze gcc linker'
mb-gcc -Wl,-T -Wl,../src/lscript.ld -L../../project_bsp/microblaze_0/lib -mlittle-endian -mxl-barrel-shift -mxl-pattern-compare -mcpu=v8.50.c -mno-xl-soft-mul -Wl,--no-relax -Wl,--gc-sections -o "project.elf"  ./src/hw_lcd.o ./src/lcd.o   -lxilkernel
./src/hw_lcd.o: In function `button_N_int_handler':
C:\temp\05-04-18\workspace5\project\Debug/../src/hw_lcd.c:186: undefined reference to `sem_post'
./src/hw_lcd.o: In function `button_E_int_handler':
C:\temp\05-04-18\workspace5\project\Debug/../src/hw_lcd.c:186: undefined reference to `sem_post'
./src/hw_lcd.o: In function `button_S_int_handler':
C:\temp\05-04-18\workspace5\project\Debug/../src/hw_lcd.c:186: undefined reference to `sem_post'
./src/hw_lcd.o: In function `button_W_int_handler':
C:\temp\05-04-18\workspace5\project\Debug/../src/hw_lcd.c:186: undefined reference to `sem_post'
./src/hw_lcd.o: In function `button_C_int_handler':
C:\temp\05-04-18\workspace5\project\Debug/../src/hw_lcd.c:186: undefined reference to `sem_post'
./src/hw_lcd.o: In function `main':
C:\temp\05-04-18\workspace5\project\Debug/../src/hw_lcd.c:305: undefined reference to `sem_init'
collect2: ld returned 1 exit status
make: *** [project.elf] Error 1
17:17:42 **** Auto Build of configuration Debug for project project ****
make all 
'Building file: ../src/hw_lcd.c'
'Invoking: MicroBlaze gcc compiler'
mb-gcc -Wall -O0 -g3 -c -fmessage-length=0 -D __XMK__ -I../../project_bsp/microblaze_0/include -mlittle-endian -mxl-barrel-shift -mxl-pattern-compare -mcpu=v8.50.c -mno-xl-soft-mul -Wl,--no-relax -ffunction-sections -fdata-sections -MMD -MP -MF"src/hw_lcd.d" -MT"src/hw_lcd.d" -o "src/hw_lcd.o" "../src/hw_lcd.c"
../src/hw_lcd.c: In function 'rtc_test':
../src/hw_lcd.c:95:6: warning: format '%d' expects argument of type 'int', but argument 3 has type 'Xuint32' [-Wformat]
../src/hw_lcd.c:95:6: warning: format '%d' expects argument of type 'int', but argument 4 has type 'Xuint32' [-Wformat]
../src/hw_lcd.c:95:6: warning: format '%d' expects argument of type 'int', but argument 5 has type 'Xuint32' [-Wformat]
../src/hw_lcd.c:95:6: warning: format '%d' expects argument of type 'int', but argument 3 has type 'Xuint32' [-Wformat]
../src/hw_lcd.c:95:6: warning: format '%d' expects argument of type 'int', but argument 4 has type 'Xuint32' [-Wformat]
../src/hw_lcd.c:95:6: warning: format '%d' expects argument of type 'int', but argument 5 has type 'Xuint32' [-Wformat]
../src/hw_lcd.c: In function 'set_time':
../src/hw_lcd.c:116:3: warning: format '%d' expects argument of type 'int', but argument 3 has type 'Xuint32' [-Wformat]
../src/hw_lcd.c:116:3: warning: format '%d' expects argument of type 'int', but argument 4 has type 'Xuint32' [-Wformat]
../src/hw_lcd.c:116:3: warning: format '%d' expects argument of type 'int', but argument 5 has type 'Xuint32' [-Wformat]
../src/hw_lcd.c:116:3: warning: format '%d' expects argument of type 'int', but argument 3 has type 'Xuint32' [-Wformat]
../src/hw_lcd.c:116:3: warning: format '%d' expects argument of type 'int', but argument 4 has type 'Xuint32' [-Wformat]
../src/hw_lcd.c:116:3: warning: format '%d' expects argument of type 'int', but argument 5 has type 'Xuint32' [-Wformat]
'Finished building: ../src/hw_lcd.c'
' '
'Building target: project.elf'
'Invoking: MicroBlaze gcc linker'
mb-gcc -Wl,-T -Wl,../src/lscript.ld -L../../project_bsp/microblaze_0/lib -mlittle-endian -mxl-barrel-shift -mxl-pattern-compare -mcpu=v8.50.c -mno-xl-soft-mul -Wl,--no-relax -Wl,--gc-sections -o "project.elf"  ./src/hw_lcd.o ./src/lcd.o   -lxilkernel
./src/hw_lcd.o: In function `button_N_int_handler':
C:\temp\05-04-18\workspace5\project\Debug/../src/hw_lcd.c:187: undefined reference to `sem_post'
./src/hw_lcd.o: In function `button_E_int_handler':
C:\temp\05-04-18\workspace5\project\Debug/../src/hw_lcd.c:187: undefined reference to `sem_post'
./src/hw_lcd.o: In function `button_S_int_handler':
C:\temp\05-04-18\workspace5\project\Debug/../src/hw_lcd.c:187: undefined reference to `sem_post'
./src/hw_lcd.o: In function `button_W_int_handler':
C:\temp\05-04-18\workspace5\project\Debug/../src/hw_lcd.c:187: undefined reference to `sem_post'
./src/hw_lcd.o: In function `button_C_int_handler':
C:\temp\05-04-18\workspace5\project\Debug/../src/hw_lcd.c:187: undefined reference to `sem_post'
./src/hw_lcd.o: In function `main':
C:\temp\05-04-18\workspace5\project\Debug/../src/hw_lcd.c:306: undefined reference to `sem_init'
collect2: ld returned 1 exit status
make: *** [project.elf] Error 1
17:20:02 **** Auto Build of configuration Debug for project project ****
make all 
'Building file: ../src/hw_lcd.c'
'Invoking: MicroBlaze gcc compiler'
mb-gcc -Wall -O0 -g3 -c -fmessage-length=0 -D __XMK__ -I../../project_bsp/microblaze_0/include -mlittle-endian -mxl-barrel-shift -mxl-pattern-compare -mcpu=v8.50.c -mno-xl-soft-mul -Wl,--no-relax -ffunction-sections -fdata-sections -MMD -MP -MF"src/hw_lcd.d" -MT"src/hw_lcd.d" -o "src/hw_lcd.o" "../src/hw_lcd.c"
../src/hw_lcd.c: In function 'DIP_switch_int_handler':
../src/hw_lcd.c:75:2: warning: implicit declaration of function 'set_time' [-Wimplicit-function-declaration]
../src/hw_lcd.c: In function 'rtc_test':
../src/hw_lcd.c:96:6: warning: format '%d' expects argument of type 'int', but argument 3 has type 'Xuint32' [-Wformat]
../src/hw_lcd.c:96:6: warning: format '%d' expects argument of type 'int', but argument 4 has type 'Xuint32' [-Wformat]
../src/hw_lcd.c:96:6: warning: format '%d' expects argument of type 'int', but argument 5 has type 'Xuint32' [-Wformat]
../src/hw_lcd.c:96:6: warning: format '%d' expects argument of type 'int', but argument 3 has type 'Xuint32' [-Wformat]
../src/hw_lcd.c:96:6: warning: format '%d' expects argument of type 'int', but argument 4 has type 'Xuint32' [-Wformat]
../src/hw_lcd.c:96:6: warning: format '%d' expects argument of type 'int', but argument 5 has type 'Xuint32' [-Wformat]
../src/hw_lcd.c: At top level:
../src/hw_lcd.c:108:6: warning: conflicting types for 'set_time' [enabled by default]
../src/hw_lcd.c:75:2: note: previous implicit declaration of 'set_time' was here
../src/hw_lcd.c: In function 'set_time':
../src/hw_lcd.c:117:3: warning: format '%d' expects argument of type 'int', but argument 3 has type 'Xuint32' [-Wformat]
../src/hw_lcd.c:117:3: warning: format '%d' expects argument of type 'int', but argument 4 has type 'Xuint32' [-Wformat]
../src/hw_lcd.c:117:3: warning: format '%d' expects argument of type 'int', but argument 5 has type 'Xuint32' [-Wformat]
../src/hw_lcd.c:117:3: warning: format '%d' expects argument of type 'int', but argument 3 has type 'Xuint32' [-Wformat]
../src/hw_lcd.c:117:3: warning: format '%d' expects argument of type 'int', but argument 4 has type 'Xuint32' [-Wformat]
../src/hw_lcd.c:117:3: warning: format '%d' expects argument of type 'int', but argument 5 has type 'Xuint32' [-Wformat]
'Finished building: ../src/hw_lcd.c'
' '
'Building target: project.elf'
'Invoking: MicroBlaze gcc linker'
mb-gcc -Wl,-T -Wl,../src/lscript.ld -L../../project_bsp/microblaze_0/lib -mlittle-endian -mxl-barrel-shift -mxl-pattern-compare -mcpu=v8.50.c -mno-xl-soft-mul -Wl,--no-relax -Wl,--gc-sections -o "project.elf"  ./src/hw_lcd.o ./src/lcd.o   -lxilkernel
./src/hw_lcd.o: In function `button_N_int_handler':
C:\temp\05-04-18\workspace5\project\Debug/../src/hw_lcd.c:42: undefined reference to `sem_post'
./src/hw_lcd.o: In function `button_E_int_handler':
C:\temp\05-04-18\workspace5\project\Debug/../src/hw_lcd.c:48: undefined reference to `sem_post'
./src/hw_lcd.o: In function `button_S_int_handler':
C:\temp\05-04-18\workspace5\project\Debug/../src/hw_lcd.c:56: undefined reference to `sem_post'
./src/hw_lcd.o: In function `button_W_int_handler':
C:\temp\05-04-18\workspace5\project\Debug/../src/hw_lcd.c:62: undefined reference to `sem_post'
./src/hw_lcd.o: In function `button_C_int_handler':
C:\temp\05-04-18\workspace5\project\Debug/../src/hw_lcd.c:70: undefined reference to `sem_post'
./src/hw_lcd.o: In function `set_time':
C:\temp\05-04-18\workspace5\project\Debug/../src/hw_lcd.c:124: undefined reference to `sem_wait'
./src/hw_lcd.o: In function `main':
C:\temp\05-04-18\workspace5\project\Debug/../src/hw_lcd.c:307: undefined reference to `sem_init'
collect2: ld returned 1 exit status
make: *** [project.elf] Error 1
17:20:27 **** Auto Build of configuration Debug for project project ****
make all 
'Building file: ../src/hw_lcd.c'
'Invoking: MicroBlaze gcc compiler'
mb-gcc -Wall -O0 -g3 -c -fmessage-length=0 -D __XMK__ -I../../project_bsp/microblaze_0/include -mlittle-endian -mxl-barrel-shift -mxl-pattern-compare -mcpu=v8.50.c -mno-xl-soft-mul -Wl,--no-relax -ffunction-sections -fdata-sections -MMD -MP -MF"src/hw_lcd.d" -MT"src/hw_lcd.d" -o "src/hw_lcd.o" "../src/hw_lcd.c"
../src/hw_lcd.c: In function 'DIP_switch_int_handler':
../src/hw_lcd.c:75:2: warning: implicit declaration of function 'set_time' [-Wimplicit-function-declaration]
../src/hw_lcd.c: In function 'rtc_test':
../src/hw_lcd.c:96:6: warning: format '%d' expects argument of type 'int', but argument 3 has type 'Xuint32' [-Wformat]
../src/hw_lcd.c:96:6: warning: format '%d' expects argument of type 'int', but argument 4 has type 'Xuint32' [-Wformat]
../src/hw_lcd.c:96:6: warning: format '%d' expects argument of type 'int', but argument 5 has type 'Xuint32' [-Wformat]
../src/hw_lcd.c:96:6: warning: format '%d' expects argument of type 'int', but argument 3 has type 'Xuint32' [-Wformat]
../src/hw_lcd.c:96:6: warning: format '%d' expects argument of type 'int', but argument 4 has type 'Xuint32' [-Wformat]
../src/hw_lcd.c:96:6: warning: format '%d' expects argument of type 'int', but argument 5 has type 'Xuint32' [-Wformat]
../src/hw_lcd.c: At top level:
../src/hw_lcd.c:108:6: warning: conflicting types for 'set_time' [enabled by default]
../src/hw_lcd.c:75:2: note: previous implicit declaration of 'set_time' was here
../src/hw_lcd.c: In function 'set_time':
../src/hw_lcd.c:117:3: warning: format '%d' expects argument of type 'int', but argument 3 has type 'Xuint32' [-Wformat]
../src/hw_lcd.c:117:3: warning: format '%d' expects argument of type 'int', but argument 4 has type 'Xuint32' [-Wformat]
../src/hw_lcd.c:117:3: warning: format '%d' expects argument of type 'int', but argument 5 has type 'Xuint32' [-Wformat]
../src/hw_lcd.c:117:3: warning: format '%d' expects argument of type 'int', but argument 3 has type 'Xuint32' [-Wformat]
../src/hw_lcd.c:117:3: warning: format '%d' expects argument of type 'int', but argument 4 has type 'Xuint32' [-Wformat]
../src/hw_lcd.c:117:3: warning: format '%d' expects argument of type 'int', but argument 5 has type 'Xuint32' [-Wformat]
'Finished building: ../src/hw_lcd.c'
' '
'Building target: project.elf'
'Invoking: MicroBlaze gcc linker'
mb-gcc -Wl,-T -Wl,../src/lscript.ld -L../../project_bsp/microblaze_0/lib -mlittle-endian -mxl-barrel-shift -mxl-pattern-compare -mcpu=v8.50.c -mno-xl-soft-mul -Wl,--no-relax -Wl,--gc-sections -o "project.elf"  ./src/hw_lcd.o ./src/lcd.o   -lxilkernel
./src/hw_lcd.o: In function `button_N_int_handler':
C:\temp\05-04-18\workspace5\project\Debug/../src/hw_lcd.c:42: undefined reference to `sem_post'
./src/hw_lcd.o: In function `button_E_int_handler':
C:\temp\05-04-18\workspace5\project\Debug/../src/hw_lcd.c:48: undefined reference to `sem_post'
./src/hw_lcd.o: In function `button_S_int_handler':
C:\temp\05-04-18\workspace5\project\Debug/../src/hw_lcd.c:56: undefined reference to `sem_post'
./src/hw_lcd.o: In function `button_W_int_handler':
C:\temp\05-04-18\workspace5\project\Debug/../src/hw_lcd.c:62: undefined reference to `sem_post'
./src/hw_lcd.o: In function `button_C_int_handler':
C:\temp\05-04-18\workspace5\project\Debug/../src/hw_lcd.c:70: undefined reference to `sem_post'
./src/hw_lcd.o: In function `set_time':
C:\temp\05-04-18\workspace5\project\Debug/../src/hw_lcd.c:124: undefined reference to `sem_wait'
./src/hw_lcd.o: In function `main':
C:\temp\05-04-18\workspace5\project\Debug/../src/hw_lcd.c:307: undefined reference to `sem_init'
collect2: ld returned 1 exit status
make: *** [project.elf] Error 1
17:22:13 **** Auto Build of configuration Debug for project project ****
make all 
'Building file: ../src/hw_lcd.c'
'Invoking: MicroBlaze gcc compiler'
mb-gcc -Wall -O0 -g3 -c -fmessage-length=0 -D __XMK__ -I../../project_bsp/microblaze_0/include -mlittle-endian -mxl-barrel-shift -mxl-pattern-compare -mcpu=v8.50.c -mno-xl-soft-mul -Wl,--no-relax -ffunction-sections -fdata-sections -MMD -MP -MF"src/hw_lcd.d" -MT"src/hw_lcd.d" -o "src/hw_lcd.o" "../src/hw_lcd.c"
../src/hw_lcd.c: In function 'DIP_switch_int_handler':
../src/hw_lcd.c:75:2: warning: implicit declaration of function 'set_time' [-Wimplicit-function-declaration]
../src/hw_lcd.c: In function 'rtc_test':
../src/hw_lcd.c:96:6: warning: format '%d' expects argument of type 'int', but argument 3 has type 'Xuint32' [-Wformat]
../src/hw_lcd.c:96:6: warning: format '%d' expects argument of type 'int', but argument 4 has type 'Xuint32' [-Wformat]
../src/hw_lcd.c:96:6: warning: format '%d' expects argument of type 'int', but argument 5 has type 'Xuint32' [-Wformat]
../src/hw_lcd.c:96:6: warning: format '%d' expects argument of type 'int', but argument 3 has type 'Xuint32' [-Wformat]
../src/hw_lcd.c:96:6: warning: format '%d' expects argument of type 'int', but argument 4 has type 'Xuint32' [-Wformat]
../src/hw_lcd.c:96:6: warning: format '%d' expects argument of type 'int', but argument 5 has type 'Xuint32' [-Wformat]
../src/hw_lcd.c: At top level:
../src/hw_lcd.c:108:6: warning: conflicting types for 'set_time' [enabled by default]
../src/hw_lcd.c:75:2: note: previous implicit declaration of 'set_time' was here
../src/hw_lcd.c: In function 'set_time':
../src/hw_lcd.c:117:3: warning: format '%d' expects argument of type 'int', but argument 3 has type 'Xuint32' [-Wformat]
../src/hw_lcd.c:117:3: warning: format '%d' expects argument of type 'int', but argument 4 has type 'Xuint32' [-Wformat]
../src/hw_lcd.c:117:3: warning: format '%d' expects argument of type 'int', but argument 5 has type 'Xuint32' [-Wformat]
../src/hw_lcd.c:117:3: warning: format '%d' expects argument of type 'int', but argument 3 has type 'Xuint32' [-Wformat]
../src/hw_lcd.c:117:3: warning: format '%d' expects argument of type 'int', but argument 4 has type 'Xuint32' [-Wformat]
../src/hw_lcd.c:117:3: warning: format '%d' expects argument of type 'int', but argument 5 has type 'Xuint32' [-Wformat]
'Finished building: ../src/hw_lcd.c'
' '
'Building target: project.elf'
'Invoking: MicroBlaze gcc linker'
mb-gcc -Wl,-T -Wl,../src/lscript.ld -L../../project_bsp/microblaze_0/lib -mlittle-endian -mxl-barrel-shift -mxl-pattern-compare -mcpu=v8.50.c -mno-xl-soft-mul -Wl,--no-relax -Wl,--gc-sections -o "project.elf"  ./src/hw_lcd.o ./src/lcd.o   -lxilkernel
./src/hw_lcd.o: In function `button_N_int_handler':
C:\temp\05-04-18\workspace5\project\Debug/../src/hw_lcd.c:42: undefined reference to `sem_post'
./src/hw_lcd.o: In function `button_E_int_handler':
C:\temp\05-04-18\workspace5\project\Debug/../src/hw_lcd.c:48: undefined reference to `sem_post'
./src/hw_lcd.o: In function `button_S_int_handler':
C:\temp\05-04-18\workspace5\project\Debug/../src/hw_lcd.c:56: undefined reference to `sem_post'
./src/hw_lcd.o: In function `button_W_int_handler':
C:\temp\05-04-18\workspace5\project\Debug/../src/hw_lcd.c:62: undefined reference to `sem_post'
./src/hw_lcd.o: In function `button_C_int_handler':
C:\temp\05-04-18\workspace5\project\Debug/../src/hw_lcd.c:70: undefined reference to `sem_post'
./src/hw_lcd.o: In function `set_time':
C:\temp\05-04-18\workspace5\project\Debug/../src/hw_lcd.c:124: undefined reference to `sem_wait'
./src/hw_lcd.o: In function `main':
C:\temp\05-04-18\workspace5\project\Debug/../src/hw_lcd.c:307: undefined reference to `sem_init'
collect2: ld returned 1 exit status
make: *** [project.elf] Error 1
17:23:15 **** Auto Build of configuration Debug for project project ****
make all 
'Building file: ../src/hw_lcd.c'
'Invoking: MicroBlaze gcc compiler'
mb-gcc -Wall -O0 -g3 -c -fmessage-length=0 -D __XMK__ -I../../project_bsp/microblaze_0/include -mlittle-endian -mxl-barrel-shift -mxl-pattern-compare -mcpu=v8.50.c -mno-xl-soft-mul -Wl,--no-relax -ffunction-sections -fdata-sections -MMD -MP -MF"src/hw_lcd.d" -MT"src/hw_lcd.d" -o "src/hw_lcd.o" "../src/hw_lcd.c"
../src/hw_lcd.c: In function 'DIP_switch_int_handler':
../src/hw_lcd.c:75:2: warning: implicit declaration of function 'set_time' [-Wimplicit-function-declaration]
../src/hw_lcd.c: In function 'rtc_test':
../src/hw_lcd.c:96:6: warning: format '%d' expects argument of type 'int', but argument 3 has type 'Xuint32' [-Wformat]
../src/hw_lcd.c:96:6: warning: format '%d' expects argument of type 'int', but argument 4 has type 'Xuint32' [-Wformat]
../src/hw_lcd.c:96:6: warning: format '%d' expects argument of type 'int', but argument 5 has type 'Xuint32' [-Wformat]
../src/hw_lcd.c:96:6: warning: format '%d' expects argument of type 'int', but argument 3 has type 'Xuint32' [-Wformat]
../src/hw_lcd.c:96:6: warning: format '%d' expects argument of type 'int', but argument 4 has type 'Xuint32' [-Wformat]
../src/hw_lcd.c:96:6: warning: format '%d' expects argument of type 'int', but argument 5 has type 'Xuint32' [-Wformat]
../src/hw_lcd.c: At top level:
../src/hw_lcd.c:108:6: warning: conflicting types for 'set_time' [enabled by default]
../src/hw_lcd.c:75:2: note: previous implicit declaration of 'set_time' was here
../src/hw_lcd.c: In function 'set_time':
../src/hw_lcd.c:117:3: warning: format '%d' expects argument of type 'int', but argument 3 has type 'Xuint32' [-Wformat]
../src/hw_lcd.c:117:3: warning: format '%d' expects argument of type 'int', but argument 4 has type 'Xuint32' [-Wformat]
../src/hw_lcd.c:117:3: warning: format '%d' expects argument of type 'int', but argument 5 has type 'Xuint32' [-Wformat]
../src/hw_lcd.c:117:3: warning: format '%d' expects argument of type 'int', but argument 3 has type 'Xuint32' [-Wformat]
../src/hw_lcd.c:117:3: warning: format '%d' expects argument of type 'int', but argument 4 has type 'Xuint32' [-Wformat]
../src/hw_lcd.c:117:3: warning: format '%d' expects argument of type 'int', but argument 5 has type 'Xuint32' [-Wformat]
'Finished building: ../src/hw_lcd.c'
' '
'Building target: project.elf'
'Invoking: MicroBlaze gcc linker'
mb-gcc -Wl,-T -Wl,../src/lscript.ld -L../../project_bsp/microblaze_0/lib -mlittle-endian -mxl-barrel-shift -mxl-pattern-compare -mcpu=v8.50.c -mno-xl-soft-mul -Wl,--no-relax -Wl,--gc-sections -o "project.elf"  ./src/hw_lcd.o ./src/lcd.o   -lxilkernel
./src/hw_lcd.o: In function `button_N_int_handler':
C:\temp\05-04-18\workspace5\project\Debug/../src/hw_lcd.c:42: undefined reference to `sem_post'
./src/hw_lcd.o: In function `button_E_int_handler':
C:\temp\05-04-18\workspace5\project\Debug/../src/hw_lcd.c:48: undefined reference to `sem_post'
./src/hw_lcd.o: In function `button_S_int_handler':
C:\temp\05-04-18\workspace5\project\Debug/../src/hw_lcd.c:56: undefined reference to `sem_post'
./src/hw_lcd.o: In function `button_W_int_handler':
C:\temp\05-04-18\workspace5\project\Debug/../src/hw_lcd.c:62: undefined reference to `sem_post'
./src/hw_lcd.o: In function `button_C_int_handler':
C:\temp\05-04-18\workspace5\project\Debug/../src/hw_lcd.c:70: undefined reference to `sem_post'
./src/hw_lcd.o: In function `set_time':
C:\temp\05-04-18\workspace5\project\Debug/../src/hw_lcd.c:124: undefined reference to `sem_wait'
./src/hw_lcd.o: In function `main':
C:\temp\05-04-18\workspace5\project\Debug/../src/hw_lcd.c:307: undefined reference to `sem_init'
collect2: ld returned 1 exit status
make: *** [project.elf] Error 1
17:24:18 **** Clean-only build of configuration Debug for project project ****
make clean 
rm -rf  ./src/hw_lcd.o ./src/lcd.o  ./src/hw_lcd.d ./src/lcd.d  project.elf.size  project.elf.elfcheck  project.elf
' '
17:24:18 **** Auto Build of configuration Debug for project project ****
make all 
'Building file: ../src/hw_lcd.c'
'Invoking: MicroBlaze gcc compiler'
mb-gcc -Wall -O0 -g3 -c -fmessage-length=0 -D __XMK__ -I../../xilkernel_bsp_0/microblaze_0/include -mlittle-endian -mxl-barrel-shift -mxl-pattern-compare -mcpu=v8.50.c -mno-xl-soft-mul -Wl,--no-relax -ffunction-sections -fdata-sections -MMD -MP -MF"src/hw_lcd.d" -MT"src/hw_lcd.d" -o "src/hw_lcd.o" "../src/hw_lcd.c"
../src/hw_lcd.c: In function 'DIP_switch_int_handler':
../src/hw_lcd.c:75:2: warning: implicit declaration of function 'set_time' [-Wimplicit-function-declaration]
../src/hw_lcd.c: In function 'rtc_test':
../src/hw_lcd.c:96:6: warning: format '%d' expects argument of type 'int', but argument 3 has type 'Xuint32' [-Wformat]
../src/hw_lcd.c:96:6: warning: format '%d' expects argument of type 'int', but argument 4 has type 'Xuint32' [-Wformat]
../src/hw_lcd.c:96:6: warning: format '%d' expects argument of type 'int', but argument 5 has type 'Xuint32' [-Wformat]
../src/hw_lcd.c:96:6: warning: format '%d' expects argument of type 'int', but argument 3 has type 'Xuint32' [-Wformat]
../src/hw_lcd.c:96:6: warning: format '%d' expects argument of type 'int', but argument 4 has type 'Xuint32' [-Wformat]
../src/hw_lcd.c:96:6: warning: format '%d' expects argument of type 'int', but argument 5 has type 'Xuint32' [-Wformat]
../src/hw_lcd.c: At top level:
../src/hw_lcd.c:108:6: warning: conflicting types for 'set_time' [enabled by default]
../src/hw_lcd.c:75:2: note: previous implicit declaration of 'set_time' was here
../src/hw_lcd.c: In function 'set_time':
../src/hw_lcd.c:117:3: warning: format '%d' expects argument of type 'int', but argument 3 has type 'Xuint32' [-Wformat]
../src/hw_lcd.c:117:3: warning: format '%d' expects argument of type 'int', but argument 4 has type 'Xuint32' [-Wformat]
../src/hw_lcd.c:117:3: warning: format '%d' expects argument of type 'int', but argument 5 has type 'Xuint32' [-Wformat]
../src/hw_lcd.c:117:3: warning: format '%d' expects argument of type 'int', but argument 3 has type 'Xuint32' [-Wformat]
../src/hw_lcd.c:117:3: warning: format '%d' expects argument of type 'int', but argument 4 has type 'Xuint32' [-Wformat]
../src/hw_lcd.c:117:3: warning: format '%d' expects argument of type 'int', but argument 5 has type 'Xuint32' [-Wformat]
'Finished building: ../src/hw_lcd.c'
' '
'Building file: ../src/lcd.c'
'Invoking: MicroBlaze gcc compiler'
mb-gcc -Wall -O0 -g3 -c -fmessage-length=0 -D __XMK__ -I../../xilkernel_bsp_0/microblaze_0/include -mlittle-endian -mxl-barrel-shift -mxl-pattern-compare -mcpu=v8.50.c -mno-xl-soft-mul -Wl,--no-relax -ffunction-sections -fdata-sections -MMD -MP -MF"src/lcd.d" -MT"src/lcd.d" -o "src/lcd.o" "../src/lcd.c"
'Finished building: ../src/lcd.c'
' '
'Building target: project.elf'
'Invoking: MicroBlaze gcc linker'
mb-gcc -Wl,-T -Wl,../src/lscript.ld -L../../xilkernel_bsp_0/microblaze_0/lib -mlittle-endian -mxl-barrel-shift -mxl-pattern-compare -mcpu=v8.50.c -mno-xl-soft-mul -Wl,--no-relax -Wl,--gc-sections -o "project.elf"  ./src/hw_lcd.o ./src/lcd.o   -lxilkernel
'Finished building target: project.elf'
' '
'Invoking: MicroBlaze Print Size'
mb-size project.elf  |tee "project.elf.size"
   text	   data	    bss	    dec	    hex	filename
  72736	   1788	  17508	  92032	  16780	project.elf
'Finished building: project.elf.size'
' '
'Invoking: Xilinx ELF Check'
elfcheck project.elf -hw ../../05-04-18_hw_platform/system.xml -pe microblaze_0  |tee "project.elf.elfcheck"
elfcheck
Xilinx EDK 14.7 Build EDK_P.20131013
Copyright (c) 1995-2012 Xilinx, Inc.  All rights reserved.

Command Line: elfcheck -hw ../../05-04-18_hw_platform/system.xml -pe
microblaze_0 project.elf 

ELF file	: project.elf
elfcheck passed.
'Finished building: project.elf.elfcheck'
' '
17:24:32 **** Incremental Build of configuration Debug for project project ****
make all 
make: Nothing to be done for `all'.
17:26:37 **** Incremental Build of configuration Debug for project project ****
make all 
make: Nothing to be done for `all'.
14:38:44 **** Incremental Build of configuration Debug for project project ****
make all 
make: Nothing to be done for `all'.
14:39:03 **** Incremental Build of configuration Debug for project project ****
make all 
make: Nothing to be done for `all'.
14:39:33 **** Auto Build of project project_bsp ****
make -k all 
'Finished building libraries'
14:39:33 **** Auto Build of project xilkernel_bsp_0 ****
make -k all 
'Finished building libraries'
14:39:36 **** Incremental Build of configuration Debug for project project ****
make all 
make: Nothing to be done for `all'.
14:41:33 **** Auto Build of configuration Debug for project project ****
make all 
'Building file: ../src/hw_lcd.c'
'Invoking: MicroBlaze gcc compiler'
mb-gcc -Wall -O0 -g3 -c -fmessage-length=0 -D __XMK__ -I../../xilkernel_bsp_0/microblaze_0/include -mlittle-endian -mxl-barrel-shift -mxl-pattern-compare -mcpu=v8.50.c -mno-xl-soft-mul -Wl,--no-relax -ffunction-sections -fdata-sections -MMD -MP -MF"src/hw_lcd.d" -MT"src/hw_lcd.d" -o "src/hw_lcd.o" "../src/hw_lcd.c"
../src/hw_lcd.c: In function 'DIP_switch_int_handler':
../src/hw_lcd.c:75:2: warning: implicit declaration of function 'set_time' [-Wimplicit-function-declaration]
../src/hw_lcd.c: In function 'rtc_test':
../src/hw_lcd.c:96:6: warning: format '%d' expects argument of type 'int', but argument 3 has type 'Xuint32' [-Wformat]
../src/hw_lcd.c:96:6: warning: format '%d' expects argument of type 'int', but argument 4 has type 'Xuint32' [-Wformat]
../src/hw_lcd.c:96:6: warning: format '%d' expects argument of type 'int', but argument 5 has type 'Xuint32' [-Wformat]
../src/hw_lcd.c:96:6: warning: format '%d' expects argument of type 'int', but argument 3 has type 'Xuint32' [-Wformat]
../src/hw_lcd.c:96:6: warning: format '%d' expects argument of type 'int', but argument 4 has type 'Xuint32' [-Wformat]
../src/hw_lcd.c:96:6: warning: format '%d' expects argument of type 'int', but argument 5 has type 'Xuint32' [-Wformat]
../src/hw_lcd.c: At top level:
../src/hw_lcd.c:108:6: warning: conflicting types for 'set_time' [enabled by default]
../src/hw_lcd.c:75:2: note: previous implicit declaration of 'set_time' was here
../src/hw_lcd.c: In function 'set_time':
../src/hw_lcd.c:118:3: warning: format '%d' expects argument of type 'int', but argument 3 has type 'Xuint32' [-Wformat]
../src/hw_lcd.c:118:3: warning: format '%d' expects argument of type 'int', but argument 4 has type 'Xuint32' [-Wformat]
../src/hw_lcd.c:118:3: warning: format '%d' expects argument of type 'int', but argument 5 has type 'Xuint32' [-Wformat]
../src/hw_lcd.c:118:3: warning: format '%d' expects argument of type 'int', but argument 3 has type 'Xuint32' [-Wformat]
../src/hw_lcd.c:118:3: warning: format '%d' expects argument of type 'int', but argument 4 has type 'Xuint32' [-Wformat]
../src/hw_lcd.c:118:3: warning: format '%d' expects argument of type 'int', but argument 5 has type 'Xuint32' [-Wformat]
'Finished building: ../src/hw_lcd.c'
' '
'Building target: project.elf'
'Invoking: MicroBlaze gcc linker'
mb-gcc -Wl,-T -Wl,../src/lscript.ld -L../../xilkernel_bsp_0/microblaze_0/lib -mlittle-endian -mxl-barrel-shift -mxl-pattern-compare -mcpu=v8.50.c -mno-xl-soft-mul -Wl,--no-relax -Wl,--gc-sections -o "project.elf"  ./src/hw_lcd.o ./src/lcd.o   -lxilkernel
'Finished building target: project.elf'
' '
'Invoking: MicroBlaze Print Size'
mb-size project.elf  |tee "project.elf.size"
   text	   data	    bss	    dec	    hex	filename
  72736	   1788	  17508	  92032	  16780	project.elf
'Finished building: project.elf.size'
' '
'Invoking: Xilinx ELF Check'
elfcheck project.elf -hw ../../05-04-18_hw_platform/system.xml -pe microblaze_0  |tee "project.elf.elfcheck"
elfcheck
Xilinx EDK 14.7 Build EDK_P.20131013
Copyright (c) 1995-2012 Xilinx, Inc.  All rights reserved.

Command Line: elfcheck -hw ../../05-04-18_hw_platform/system.xml -pe
microblaze_0 project.elf 

ELF file	: project.elf
elfcheck passed.
'Finished building: project.elf.elfcheck'
' '
14:41:37 **** Incremental Build of configuration Debug for project project ****
make all 
make: Nothing to be done for `all'.
14:41:46 **** Incremental Build of configuration Debug for project project ****
make all 
make: Nothing to be done for `all'.
14:44:11 **** Auto Build of configuration Debug for project project ****
make all 
'Building file: ../src/hw_lcd.c'
'Invoking: MicroBlaze gcc compiler'
mb-gcc -Wall -O0 -g3 -c -fmessage-length=0 -D __XMK__ -I../../xilkernel_bsp_0/microblaze_0/include -mlittle-endian -mxl-barrel-shift -mxl-pattern-compare -mcpu=v8.50.c -mno-xl-soft-mul -Wl,--no-relax -ffunction-sections -fdata-sections -MMD -MP -MF"src/hw_lcd.d" -MT"src/hw_lcd.d" -o "src/hw_lcd.o" "../src/hw_lcd.c"
../src/hw_lcd.c: In function 'DIP_switch_int_handler':
../src/hw_lcd.c:75:2: warning: implicit declaration of function 'set_time' [-Wimplicit-function-declaration]
../src/hw_lcd.c: In function 'rtc_test':
../src/hw_lcd.c:96:6: warning: format '%d' expects argument of type 'int', but argument 3 has type 'Xuint32' [-Wformat]
../src/hw_lcd.c:96:6: warning: format '%d' expects argument of type 'int', but argument 4 has type 'Xuint32' [-Wformat]
../src/hw_lcd.c:96:6: warning: format '%d' expects argument of type 'int', but argument 5 has type 'Xuint32' [-Wformat]
../src/hw_lcd.c:96:6: warning: format '%d' expects argument of type 'int', but argument 3 has type 'Xuint32' [-Wformat]
../src/hw_lcd.c:96:6: warning: format '%d' expects argument of type 'int', but argument 4 has type 'Xuint32' [-Wformat]
../src/hw_lcd.c:96:6: warning: format '%d' expects argument of type 'int', but argument 5 has type 'Xuint32' [-Wformat]
../src/hw_lcd.c: At top level:
../src/hw_lcd.c:108:6: warning: conflicting types for 'set_time' [enabled by default]
../src/hw_lcd.c:75:2: note: previous implicit declaration of 'set_time' was here
../src/hw_lcd.c: In function 'set_time':
../src/hw_lcd.c:118:3: warning: format '%d' expects argument of type 'int', but argument 3 has type 'Xuint32' [-Wformat]
../src/hw_lcd.c:118:3: warning: format '%d' expects argument of type 'int', but argument 4 has type 'Xuint32' [-Wformat]
../src/hw_lcd.c:118:3: warning: format '%d' expects argument of type 'int', but argument 5 has type 'Xuint32' [-Wformat]
../src/hw_lcd.c:118:3: warning: format '%d' expects argument of type 'int', but argument 3 has type 'Xuint32' [-Wformat]
../src/hw_lcd.c:118:3: warning: format '%d' expects argument of type 'int', but argument 4 has type 'Xuint32' [-Wformat]
../src/hw_lcd.c:118:3: warning: format '%d' expects argument of type 'int', but argument 5 has type 'Xuint32' [-Wformat]
'Finished building: ../src/hw_lcd.c'
' '
'Building target: project.elf'
'Invoking: MicroBlaze gcc linker'
mb-gcc -Wl,-T -Wl,../src/lscript.ld -L../../xilkernel_bsp_0/microblaze_0/lib -mlittle-endian -mxl-barrel-shift -mxl-pattern-compare -mcpu=v8.50.c -mno-xl-soft-mul -Wl,--no-relax -Wl,--gc-sections -o "project.elf"  ./src/hw_lcd.o ./src/lcd.o   -lxilkernel
'Finished building target: project.elf'
' '
'Invoking: MicroBlaze Print Size'
mb-size project.elf  |tee "project.elf.size"
   text	   data	    bss	    dec	    hex	filename
  72760	   1788	  17508	  92056	  16798	project.elf
'Finished building: project.elf.size'
' '
'Invoking: Xilinx ELF Check'
elfcheck project.elf -hw ../../05-04-18_hw_platform/system.xml -pe microblaze_0  |tee "project.elf.elfcheck"
elfcheck
Xilinx EDK 14.7 Build EDK_P.20131013
Copyright (c) 1995-2012 Xilinx, Inc.  All rights reserved.

Command Line: elfcheck -hw ../../05-04-18_hw_platform/system.xml -pe
microblaze_0 project.elf 

ELF file	: project.elf
elfcheck passed.
'Finished building: project.elf.elfcheck'
' '
14:44:16 **** Incremental Build of configuration Debug for project project ****
make all 
make: Nothing to be done for `all'.
14:50:03 **** Auto Build of configuration Debug for project project ****
make all 
'Building file: ../src/hw_lcd.c'
'Invoking: MicroBlaze gcc compiler'
mb-gcc -Wall -O0 -g3 -c -fmessage-length=0 -D __XMK__ -I../../xilkernel_bsp_0/microblaze_0/include -mlittle-endian -mxl-barrel-shift -mxl-pattern-compare -mcpu=v8.50.c -mno-xl-soft-mul -Wl,--no-relax -ffunction-sections -fdata-sections -MMD -MP -MF"src/hw_lcd.d" -MT"src/hw_lcd.d" -o "src/hw_lcd.o" "../src/hw_lcd.c"
../src/hw_lcd.c: In function 'DIP_switch_int_handler':
../src/hw_lcd.c:76:2: warning: implicit declaration of function 'set_time' [-Wimplicit-function-declaration]
../src/hw_lcd.c: In function 'rtc_test':
../src/hw_lcd.c:97:6: warning: format '%d' expects argument of type 'int', but argument 3 has type 'Xuint32' [-Wformat]
../src/hw_lcd.c:97:6: warning: format '%d' expects argument of type 'int', but argument 4 has type 'Xuint32' [-Wformat]
../src/hw_lcd.c:97:6: warning: format '%d' expects argument of type 'int', but argument 5 has type 'Xuint32' [-Wformat]
../src/hw_lcd.c:97:6: warning: format '%d' expects argument of type 'int', but argument 3 has type 'Xuint32' [-Wformat]
../src/hw_lcd.c:97:6: warning: format '%d' expects argument of type 'int', but argument 4 has type 'Xuint32' [-Wformat]
../src/hw_lcd.c:97:6: warning: format '%d' expects argument of type 'int', but argument 5 has type 'Xuint32' [-Wformat]
../src/hw_lcd.c: At top level:
../src/hw_lcd.c:109:6: warning: conflicting types for 'set_time' [enabled by default]
../src/hw_lcd.c:76:2: note: previous implicit declaration of 'set_time' was here
../src/hw_lcd.c: In function 'set_time':
../src/hw_lcd.c:119:3: warning: format '%d' expects argument of type 'int', but argument 3 has type 'Xuint32' [-Wformat]
../src/hw_lcd.c:119:3: warning: format '%d' expects argument of type 'int', but argument 4 has type 'Xuint32' [-Wformat]
../src/hw_lcd.c:119:3: warning: format '%d' expects argument of type 'int', but argument 5 has type 'Xuint32' [-Wformat]
../src/hw_lcd.c:119:3: warning: format '%d' expects argument of type 'int', but argument 3 has type 'Xuint32' [-Wformat]
../src/hw_lcd.c:119:3: warning: format '%d' expects argument of type 'int', but argument 4 has type 'Xuint32' [-Wformat]
../src/hw_lcd.c:119:3: warning: format '%d' expects argument of type 'int', but argument 5 has type 'Xuint32' [-Wformat]
'Finished building: ../src/hw_lcd.c'
' '
'Building target: project.elf'
'Invoking: MicroBlaze gcc linker'
mb-gcc -Wl,-T -Wl,../src/lscript.ld -L../../xilkernel_bsp_0/microblaze_0/lib -mlittle-endian -mxl-barrel-shift -mxl-pattern-compare -mcpu=v8.50.c -mno-xl-soft-mul -Wl,--no-relax -Wl,--gc-sections -o "project.elf"  ./src/hw_lcd.o ./src/lcd.o   -lxilkernel
'Finished building target: project.elf'
' '
'Invoking: MicroBlaze Print Size'
mb-size project.elf  |tee "project.elf.size"
   text	   data	    bss	    dec	    hex	filename
  72760	   1788	  17508	  92056	  16798	project.elf
'Finished building: project.elf.size'
' '
'Invoking: Xilinx ELF Check'
elfcheck project.elf -hw ../../05-04-18_hw_platform/system.xml -pe microblaze_0  |tee "project.elf.elfcheck"
elfcheck
Xilinx EDK 14.7 Build EDK_P.20131013
Copyright (c) 1995-2012 Xilinx, Inc.  All rights reserved.

Command Line: elfcheck -hw ../../05-04-18_hw_platform/system.xml -pe
microblaze_0 project.elf 

ELF file	: project.elf
elfcheck passed.
'Finished building: project.elf.elfcheck'
' '
14:50:07 **** Incremental Build of configuration Debug for project project ****
make all 
make: Nothing to be done for `all'.
14:57:24 **** Auto Build of configuration Debug for project project ****
make all 
'Building file: ../src/hw_lcd.c'
'Invoking: MicroBlaze gcc compiler'
mb-gcc -Wall -O0 -g3 -c -fmessage-length=0 -D __XMK__ -I../../xilkernel_bsp_0/microblaze_0/include -mlittle-endian -mxl-barrel-shift -mxl-pattern-compare -mcpu=v8.50.c -mno-xl-soft-mul -Wl,--no-relax -ffunction-sections -fdata-sections -MMD -MP -MF"src/hw_lcd.d" -MT"src/hw_lcd.d" -o "src/hw_lcd.o" "../src/hw_lcd.c"
../src/hw_lcd.c: In function 'DIP_switch_int_handler':
../src/hw_lcd.c:80:2: warning: implicit declaration of function 'set_time' [-Wimplicit-function-declaration]
../src/hw_lcd.c:80:2: warning: passing argument 3 of 'pthread_create' makes pointer from integer without a cast [enabled by default]
c:\xilinx\14.7\ise_ds\edk\gnu\microblaze\nt\bin\../lib/gcc/microblaze-xilinx-elf/4.6.4/../../../../microblaze-xilinx-elf/include/pthread.h:211:5: note: expected 'void * (*)(void *)' but argument is of type 'int'
../src/hw_lcd.c: In function 'rtc_test':
../src/hw_lcd.c:103:6: warning: format '%d' expects argument of type 'int', but argument 3 has type 'Xuint32' [-Wformat]
../src/hw_lcd.c:103:6: warning: format '%d' expects argument of type 'int', but argument 4 has type 'Xuint32' [-Wformat]
../src/hw_lcd.c:103:6: warning: format '%d' expects argument of type 'int', but argument 5 has type 'Xuint32' [-Wformat]
../src/hw_lcd.c:103:6: warning: format '%d' expects argument of type 'int', but argument 3 has type 'Xuint32' [-Wformat]
../src/hw_lcd.c:103:6: warning: format '%d' expects argument of type 'int', but argument 4 has type 'Xuint32' [-Wformat]
../src/hw_lcd.c:103:6: warning: format '%d' expects argument of type 'int', but argument 5 has type 'Xuint32' [-Wformat]
../src/hw_lcd.c: At top level:
../src/hw_lcd.c:115:6: warning: conflicting types for 'set_time' [enabled by default]
../src/hw_lcd.c:80:42: note: previous implicit declaration of 'set_time' was here
../src/hw_lcd.c: In function 'set_time':
../src/hw_lcd.c:125:3: warning: format '%d' expects argument of type 'int', but argument 3 has type 'Xuint32' [-Wformat]
../src/hw_lcd.c:125:3: warning: format '%d' expects argument of type 'int', but argument 4 has type 'Xuint32' [-Wformat]
../src/hw_lcd.c:125:3: warning: format '%d' expects argument of type 'int', but argument 5 has type 'Xuint32' [-Wformat]
../src/hw_lcd.c:125:3: warning: format '%d' expects argument of type 'int', but argument 3 has type 'Xuint32' [-Wformat]
../src/hw_lcd.c:125:3: warning: format '%d' expects argument of type 'int', but argument 4 has type 'Xuint32' [-Wformat]
../src/hw_lcd.c:125:3: warning: format '%d' expects argument of type 'int', but argument 5 has type 'Xuint32' [-Wformat]
'Finished building: ../src/hw_lcd.c'
' '
'Building target: project.elf'
'Invoking: MicroBlaze gcc linker'
mb-gcc -Wl,-T -Wl,../src/lscript.ld -L../../xilkernel_bsp_0/microblaze_0/lib -mlittle-endian -mxl-barrel-shift -mxl-pattern-compare -mcpu=v8.50.c -mno-xl-soft-mul -Wl,--no-relax -Wl,--gc-sections -o "project.elf"  ./src/hw_lcd.o ./src/lcd.o   -lxilkernel
'Finished building target: project.elf'
' '
'Invoking: MicroBlaze Print Size'
mb-size project.elf  |tee "project.elf.size"
   text	   data	    bss	    dec	    hex	filename
  72888	   1788	  17508	  92184	  16818	project.elf
'Finished building: project.elf.size'
' '
'Invoking: Xilinx ELF Check'
elfcheck project.elf -hw ../../05-04-18_hw_platform/system.xml -pe microblaze_0  |tee "project.elf.elfcheck"
elfcheck
Xilinx EDK 14.7 Build EDK_P.20131013
Copyright (c) 1995-2012 Xilinx, Inc.  All rights reserved.

Command Line: elfcheck -hw ../../05-04-18_hw_platform/system.xml -pe
microblaze_0 project.elf 

ELF file	: project.elf
elfcheck passed.
'Finished building: project.elf.elfcheck'
' '
14:58:15 **** Auto Build of configuration Debug for project project ****
make all 
'Building file: ../src/hw_lcd.c'
'Invoking: MicroBlaze gcc compiler'
mb-gcc -Wall -O0 -g3 -c -fmessage-length=0 -D __XMK__ -I../../xilkernel_bsp_0/microblaze_0/include -mlittle-endian -mxl-barrel-shift -mxl-pattern-compare -mcpu=v8.50.c -mno-xl-soft-mul -Wl,--no-relax -ffunction-sections -fdata-sections -MMD -MP -MF"src/hw_lcd.d" -MT"src/hw_lcd.d" -o "src/hw_lcd.o" "../src/hw_lcd.c"
../src/hw_lcd.c: In function 'DIP_switch_int_handler':
../src/hw_lcd.c:80:2: warning: implicit declaration of function 'set_time' [-Wimplicit-function-declaration]
../src/hw_lcd.c:80:2: warning: passing argument 3 of 'pthread_create' makes pointer from integer without a cast [enabled by default]
c:\xilinx\14.7\ise_ds\edk\gnu\microblaze\nt\bin\../lib/gcc/microblaze-xilinx-elf/4.6.4/../../../../microblaze-xilinx-elf/include/pthread.h:211:5: note: expected 'void * (*)(void *)' but argument is of type 'int'
../src/hw_lcd.c: In function 'rtc_test':
../src/hw_lcd.c:103:6: warning: format '%d' expects argument of type 'int', but argument 3 has type 'Xuint32' [-Wformat]
../src/hw_lcd.c:103:6: warning: format '%d' expects argument of type 'int', but argument 4 has type 'Xuint32' [-Wformat]
../src/hw_lcd.c:103:6: warning: format '%d' expects argument of type 'int', but argument 5 has type 'Xuint32' [-Wformat]
../src/hw_lcd.c:103:6: warning: format '%d' expects argument of type 'int', but argument 3 has type 'Xuint32' [-Wformat]
../src/hw_lcd.c:103:6: warning: format '%d' expects argument of type 'int', but argument 4 has type 'Xuint32' [-Wformat]
../src/hw_lcd.c:103:6: warning: format '%d' expects argument of type 'int', but argument 5 has type 'Xuint32' [-Wformat]
../src/hw_lcd.c: At top level:
../src/hw_lcd.c:115:7: error: conflicting types for 'set_time'
../src/hw_lcd.c:80:42: note: previous implicit declaration of 'set_time' was here
../src/hw_lcd.c: In function 'set_time':
../src/hw_lcd.c:125:3: warning: format '%d' expects argument of type 'int', but argument 3 has type 'Xuint32' [-Wformat]
../src/hw_lcd.c:125:3: warning: format '%d' expects argument of type 'int', but argument 4 has type 'Xuint32' [-Wformat]
../src/hw_lcd.c:125:3: warning: format '%d' expects argument of type 'int', but argument 5 has type 'Xuint32' [-Wformat]
../src/hw_lcd.c:125:3: warning: format '%d' expects argument of type 'int', but argument 3 has type 'Xuint32' [-Wformat]
../src/hw_lcd.c:125:3: warning: format '%d' expects argument of type 'int', but argument 4 has type 'Xuint32' [-Wformat]
../src/hw_lcd.c:125:3: warning: format '%d' expects argument of type 'int', but argument 5 has type 'Xuint32' [-Wformat]
../src/hw_lcd.c:200:1: warning: control reaches end of non-void function [-Wreturn-type]
make: *** [src/hw_lcd.o] Error 1
14:59:50 **** Auto Build of configuration Debug for project project ****
make all 
'Building file: ../src/hw_lcd.c'
'Invoking: MicroBlaze gcc compiler'
mb-gcc -Wall -O0 -g3 -c -fmessage-length=0 -D __XMK__ -I../../xilkernel_bsp_0/microblaze_0/include -mlittle-endian -mxl-barrel-shift -mxl-pattern-compare -mcpu=v8.50.c -mno-xl-soft-mul -Wl,--no-relax -ffunction-sections -fdata-sections -MMD -MP -MF"src/hw_lcd.d" -MT"src/hw_lcd.d" -o "src/hw_lcd.o" "../src/hw_lcd.c"
../src/hw_lcd.c: In function 'DIP_switch_int_handler':
../src/hw_lcd.c:80:42: error: 'set_time' undeclared (first use in this function)
../src/hw_lcd.c:80:42: note: each undeclared identifier is reported only once for each function it appears in
../src/hw_lcd.c: In function 'rtc_test':
../src/hw_lcd.c:103:6: warning: format '%d' expects argument of type 'int', but argument 3 has type 'Xuint32' [-Wformat]
../src/hw_lcd.c:103:6: warning: format '%d' expects argument of type 'int', but argument 4 has type 'Xuint32' [-Wformat]
../src/hw_lcd.c:103:6: warning: format '%d' expects argument of type 'int', but argument 5 has type 'Xuint32' [-Wformat]
../src/hw_lcd.c:103:6: warning: format '%d' expects argument of type 'int', but argument 3 has type 'Xuint32' [-Wformat]
../src/hw_lcd.c:103:6: warning: format '%d' expects argument of type 'int', but argument 4 has type 'Xuint32' [-Wformat]
../src/hw_lcd.c:103:6: warning: format '%d' expects argument of type 'int', but argument 5 has type 'Xuint32' [-Wformat]
../src/hw_lcd.c: In function 'set_time':
../src/hw_lcd.c:125:3: warning: format '%d' expects argument of type 'int', but argument 3 has type 'Xuint32' [-Wformat]
../src/hw_lcd.c:125:3: warning: format '%d' expects argument of type 'int', but argument 4 has type 'Xuint32' [-Wformat]
../src/hw_lcd.c:125:3: warning: format '%d' expects argument of type 'int', but argument 5 has type 'Xuint32' [-Wformat]
../src/hw_lcd.c:125:3: warning: format '%d' expects argument of type 'int', but argument 3 has type 'Xuint32' [-Wformat]
../src/hw_lcd.c:125:3: warning: format '%d' expects argument of type 'int', but argument 4 has type 'Xuint32' [-Wformat]
../src/hw_lcd.c:125:3: warning: format '%d' expects argument of type 'int', but argument 5 has type 'Xuint32' [-Wformat]
../src/hw_lcd.c:200:1: warning: control reaches end of non-void function [-Wreturn-type]
make: *** [src/hw_lcd.o] Error 1
14:59:53 **** Incremental Build of configuration Debug for project project ****
make all 
'Building file: ../src/hw_lcd.c'
'Invoking: MicroBlaze gcc compiler'
mb-gcc -Wall -O0 -g3 -c -fmessage-length=0 -D __XMK__ -I../../xilkernel_bsp_0/microblaze_0/include -mlittle-endian -mxl-barrel-shift -mxl-pattern-compare -mcpu=v8.50.c -mno-xl-soft-mul -Wl,--no-relax -ffunction-sections -fdata-sections -MMD -MP -MF"src/hw_lcd.d" -MT"src/hw_lcd.d" -o "src/hw_lcd.o" "../src/hw_lcd.c"
../src/hw_lcd.c: In function 'DIP_switch_int_handler':
../src/hw_lcd.c:80:42: error: 'set_time' undeclared (first use in this function)
../src/hw_lcd.c:80:42: note: each undeclared identifier is reported only once for each function it appears in
../src/hw_lcd.c: In function 'rtc_test':
../src/hw_lcd.c:103:6: warning: format '%d' expects argument of type 'int', but argument 3 has type 'Xuint32' [-Wformat]
../src/hw_lcd.c:103:6: warning: format '%d' expects argument of type 'int', but argument 4 has type 'Xuint32' [-Wformat]
../src/hw_lcd.c:103:6: warning: format '%d' expects argument of type 'int', but argument 5 has type 'Xuint32' [-Wformat]
../src/hw_lcd.c:103:6: warning: format '%d' expects argument of type 'int', but argument 3 has type 'Xuint32' [-Wformat]
../src/hw_lcd.c:103:6: warning: format '%d' expects argument of type 'int', but argument 4 has type 'Xuint32' [-Wformat]
../src/hw_lcd.c:103:6: warning: format '%d' expects argument of type 'int', but argument 5 has type 'Xuint32' [-Wformat]
../src/hw_lcd.c: In function 'set_time':
../src/hw_lcd.c:125:3: warning: format '%d' expects argument of type 'int', but argument 3 has type 'Xuint32' [-Wformat]
../src/hw_lcd.c:125:3: warning: format '%d' expects argument of type 'int', but argument 4 has type 'Xuint32' [-Wformat]
../src/hw_lcd.c:125:3: warning: format '%d' expects argument of type 'int', but argument 5 has type 'Xuint32' [-Wformat]
../src/hw_lcd.c:125:3: warning: format '%d' expects argument of type 'int', but argument 3 has type 'Xuint32' [-Wformat]
../src/hw_lcd.c:125:3: warning: format '%d' expects argument of type 'int', but argument 4 has type 'Xuint32' [-Wformat]
../src/hw_lcd.c:125:3: warning: format '%d' expects argument of type 'int', but argument 5 has type 'Xuint32' [-Wformat]
../src/hw_lcd.c:200:1: warning: control reaches end of non-void function [-Wreturn-type]
make: *** [src/hw_lcd.o] Error 1
15:00:46 **** Auto Build of configuration Debug for project project ****
make all 
'Building file: ../src/hw_lcd.c'
'Invoking: MicroBlaze gcc compiler'
mb-gcc -Wall -O0 -g3 -c -fmessage-length=0 -D __XMK__ -I../../xilkernel_bsp_0/microblaze_0/include -mlittle-endian -mxl-barrel-shift -mxl-pattern-compare -mcpu=v8.50.c -mno-xl-soft-mul -Wl,--no-relax -ffunction-sections -fdata-sections -MMD -MP -MF"src/hw_lcd.d" -MT"src/hw_lcd.d" -o "src/hw_lcd.o" "../src/hw_lcd.c"
../src/hw_lcd.c: In function 'rtc_test':
../src/hw_lcd.c:106:6: warning: format '%d' expects argument of type 'int', but argument 3 has type 'Xuint32' [-Wformat]
../src/hw_lcd.c:106:6: warning: format '%d' expects argument of type 'int', but argument 4 has type 'Xuint32' [-Wformat]
../src/hw_lcd.c:106:6: warning: format '%d' expects argument of type 'int', but argument 5 has type 'Xuint32' [-Wformat]
../src/hw_lcd.c:106:6: warning: format '%d' expects argument of type 'int', but argument 3 has type 'Xuint32' [-Wformat]
../src/hw_lcd.c:106:6: warning: format '%d' expects argument of type 'int', but argument 4 has type 'Xuint32' [-Wformat]
../src/hw_lcd.c:106:6: warning: format '%d' expects argument of type 'int', but argument 5 has type 'Xuint32' [-Wformat]
../src/hw_lcd.c: In function 'set_time':
../src/hw_lcd.c:128:3: warning: format '%d' expects argument of type 'int', but argument 3 has type 'Xuint32' [-Wformat]
../src/hw_lcd.c:128:3: warning: format '%d' expects argument of type 'int', but argument 4 has type 'Xuint32' [-Wformat]
../src/hw_lcd.c:128:3: warning: format '%d' expects argument of type 'int', but argument 5 has type 'Xuint32' [-Wformat]
../src/hw_lcd.c:128:3: warning: format '%d' expects argument of type 'int', but argument 3 has type 'Xuint32' [-Wformat]
../src/hw_lcd.c:128:3: warning: format '%d' expects argument of type 'int', but argument 4 has type 'Xuint32' [-Wformat]
../src/hw_lcd.c:128:3: warning: format '%d' expects argument of type 'int', but argument 5 has type 'Xuint32' [-Wformat]
../src/hw_lcd.c:203:1: warning: control reaches end of non-void function [-Wreturn-type]
'Finished building: ../src/hw_lcd.c'
' '
'Building target: project.elf'
'Invoking: MicroBlaze gcc linker'
mb-gcc -Wl,-T -Wl,../src/lscript.ld -L../../xilkernel_bsp_0/microblaze_0/lib -mlittle-endian -mxl-barrel-shift -mxl-pattern-compare -mcpu=v8.50.c -mno-xl-soft-mul -Wl,--no-relax -Wl,--gc-sections -o "project.elf"  ./src/hw_lcd.o ./src/lcd.o   -lxilkernel
'Finished building target: project.elf'
' '
'Invoking: MicroBlaze Print Size'
mb-size project.elf  |tee "project.elf.size"
   text	   data	    bss	    dec	    hex	filename
  72880	   1788	  17508	  92176	  16810	project.elf
'Finished building: project.elf.size'
' '
'Invoking: Xilinx ELF Check'
elfcheck project.elf -hw ../../05-04-18_hw_platform/system.xml -pe microblaze_0  |tee "project.elf.elfcheck"
elfcheck
Xilinx EDK 14.7 Build EDK_P.20131013
Copyright (c) 1995-2012 Xilinx, Inc.  All rights reserved.

Command Line: elfcheck -hw ../../05-04-18_hw_platform/system.xml -pe
microblaze_0 project.elf 

ELF file	: project.elf
elfcheck passed.
'Finished building: project.elf.elfcheck'
' '
15:01:03 **** Incremental Build of configuration Debug for project project ****
make all 
make: Nothing to be done for `all'.
15:02:22 **** Incremental Build of configuration Debug for project project ****
make all 
make: Nothing to be done for `all'.
15:11:27 **** Auto Build of configuration Debug for project project ****
make all 
'Building file: ../src/hw_lcd.c'
'Invoking: MicroBlaze gcc compiler'
mb-gcc -Wall -O0 -g3 -c -fmessage-length=0 -D __XMK__ -I../../xilkernel_bsp_0/microblaze_0/include -mlittle-endian -mxl-barrel-shift -mxl-pattern-compare -mcpu=v8.50.c -mno-xl-soft-mul -Wl,--no-relax -ffunction-sections -fdata-sections -MMD -MP -MF"src/hw_lcd.d" -MT"src/hw_lcd.d" -o "src/hw_lcd.o" "../src/hw_lcd.c"
../src/hw_lcd.c: In function 'rtc_test':
../src/hw_lcd.c:109:6: warning: format '%d' expects argument of type 'int', but argument 3 has type 'Xuint32' [-Wformat]
../src/hw_lcd.c:109:6: warning: format '%d' expects argument of type 'int', but argument 4 has type 'Xuint32' [-Wformat]
../src/hw_lcd.c:109:6: warning: format '%d' expects argument of type 'int', but argument 5 has type 'Xuint32' [-Wformat]
../src/hw_lcd.c:109:6: warning: format '%d' expects argument of type 'int', but argument 3 has type 'Xuint32' [-Wformat]
../src/hw_lcd.c:109:6: warning: format '%d' expects argument of type 'int', but argument 4 has type 'Xuint32' [-Wformat]
../src/hw_lcd.c:109:6: warning: format '%d' expects argument of type 'int', but argument 5 has type 'Xuint32' [-Wformat]
../src/hw_lcd.c: In function 'set_time':
../src/hw_lcd.c:125:2: error: expected ';' before 'Xuint32'
../src/hw_lcd.c:128:54: error: 'second' undeclared (first use in this function)
../src/hw_lcd.c:128:54: note: each undeclared identifier is reported only once for each function it appears in
../src/hw_lcd.c:207:1: warning: control reaches end of non-void function [-Wreturn-type]
make: *** [src/hw_lcd.o] Error 1
15:11:36 **** Auto Build of configuration Debug for project project ****
make all 
'Building file: ../src/hw_lcd.c'
'Invoking: MicroBlaze gcc compiler'
mb-gcc -Wall -O0 -g3 -c -fmessage-length=0 -D __XMK__ -I../../xilkernel_bsp_0/microblaze_0/include -mlittle-endian -mxl-barrel-shift -mxl-pattern-compare -mcpu=v8.50.c -mno-xl-soft-mul -Wl,--no-relax -ffunction-sections -fdata-sections -MMD -MP -MF"src/hw_lcd.d" -MT"src/hw_lcd.d" -o "src/hw_lcd.o" "../src/hw_lcd.c"
../src/hw_lcd.c: In function 'rtc_test':
../src/hw_lcd.c:109:6: warning: format '%d' expects argument of type 'int', but argument 3 has type 'Xuint32' [-Wformat]
../src/hw_lcd.c:109:6: warning: format '%d' expects argument of type 'int', but argument 4 has type 'Xuint32' [-Wformat]
../src/hw_lcd.c:109:6: warning: format '%d' expects argument of type 'int', but argument 5 has type 'Xuint32' [-Wformat]
../src/hw_lcd.c:109:6: warning: format '%d' expects argument of type 'int', but argument 3 has type 'Xuint32' [-Wformat]
../src/hw_lcd.c:109:6: warning: format '%d' expects argument of type 'int', but argument 4 has type 'Xuint32' [-Wformat]
../src/hw_lcd.c:109:6: warning: format '%d' expects argument of type 'int', but argument 5 has type 'Xuint32' [-Wformat]
../src/hw_lcd.c: In function 'set_time':
../src/hw_lcd.c:132:3: warning: format '%d' expects argument of type 'int', but argument 3 has type 'Xuint32' [-Wformat]
../src/hw_lcd.c:132:3: warning: format '%d' expects argument of type 'int', but argument 4 has type 'Xuint32' [-Wformat]
../src/hw_lcd.c:132:3: warning: format '%d' expects argument of type 'int', but argument 5 has type 'Xuint32' [-Wformat]
[...]
../src/hw_lcd.c:358:4: warning: format '%d' expects argument of type 'int', but argument 4 has type 'Xuint32' [-Wformat]
../src/hw_lcd.c:358:4: warning: format '%d' expects argument of type 'int', but argument 5 has type 'Xuint32' [-Wformat]
../src/hw_lcd.c:358:4: warning: format '%d' expects argument of type 'int', but argument 6 has type 'Xuint32' [-Wformat]
../src/hw_lcd.c: In function 'run_stopwatch':
../src/hw_lcd.c:452:10: warning: suggest parentheses around comparison in operand of '==' [-Wparentheses]
../src/hw_lcd.c:455:7: warning: format '%d' expects argument of type 'int', but argument 3 has type 'Xuint32' [-Wformat]
../src/hw_lcd.c:455:7: warning: format '%d' expects argument of type 'int', but argument 4 has type 'Xuint32' [-Wformat]
../src/hw_lcd.c:455:7: warning: format '%d' expects argument of type 'int', but argument 5 has type 'Xuint32' [-Wformat]
../src/hw_lcd.c:455:7: warning: format '%d' expects argument of type 'int', but argument 6 has type 'Xuint32' [-Wformat]
../src/hw_lcd.c:455:7: warning: format '%d' expects argument of type 'int', but argument 3 has type 'Xuint32' [-Wformat]
../src/hw_lcd.c:455:7: warning: format '%d' expects argument of type 'int', but argument 4 has type 'Xuint32' [-Wformat]
../src/hw_lcd.c:455:7: warning: format '%d' expects argument of type 'int', but argument 5 has type 'Xuint32' [-Wformat]
../src/hw_lcd.c:455:7: warning: format '%d' expects argument of type 'int', but argument 6 has type 'Xuint32' [-Wformat]
../src/hw_lcd.c: In function 'set_time':
../src/hw_lcd.c:513:3: warning: format '%d' expects argument of type 'int', but argument 3 has type 'Xuint32' [-Wformat]
../src/hw_lcd.c:513:3: warning: format '%d' expects argument of type 'int', but argument 4 has type 'Xuint32' [-Wformat]
../src/hw_lcd.c:513:3: warning: format '%d' expects argument of type 'int', but argument 5 has type 'Xuint32' [-Wformat]
../src/hw_lcd.c:513:3: warning: format '%d' expects argument of type 'int', but argument 3 has type 'Xuint32' [-Wformat]
../src/hw_lcd.c:513:3: warning: format '%d' expects argument of type 'int', but argument 4 has type 'Xuint32' [-Wformat]
../src/hw_lcd.c:513:3: warning: format '%d' expects argument of type 'int', but argument 5 has type 'Xuint32' [-Wformat]
../src/hw_lcd.c:524:11: warning: unused variable 'value' [-Wunused-variable]
'Finished building: ../src/hw_lcd.c'
' '
'Building target: project.elf'
'Invoking: MicroBlaze gcc linker'
mb-gcc -Wl,-T -Wl,../src/lscript.ld -L../../xilkernel_bsp_0/microblaze_0/lib -mlittle-endian -mxl-barrel-shift -mxl-pattern-compare -mcpu=v8.50.c -mno-xl-soft-mul -Wl,--no-relax -Wl,--gc-sections -o "project.elf"  ./src/hw_lcd.o ./src/lcd.o   -lxilkernel
'Finished building target: project.elf'
' '
'Invoking: MicroBlaze Print Size'
mb-size project.elf  |tee "project.elf.size"
   text	   data	    bss	    dec	    hex	filename
  78080	   1788	  17604	  97472	  17cc0	project.elf
'Finished building: project.elf.size'
' '
'Invoking: Xilinx ELF Check'
elfcheck project.elf -hw ../../05-04-18_hw_platform/system.xml -pe microblaze_0  |tee "project.elf.elfcheck"
elfcheck
Xilinx EDK 14.7 Build EDK_P.20131013
Copyright (c) 1995-2012 Xilinx, Inc.  All rights reserved.

Command Line: elfcheck -hw ../../05-04-18_hw_platform/system.xml -pe
microblaze_0 project.elf 

ELF file	: project.elf
elfcheck passed.
'Finished building: project.elf.elfcheck'
' '
18:46:07 **** Auto Build of configuration Debug for project project ****
make all 
'Building file: ../src/hw_lcd.c'
'Invoking: MicroBlaze gcc compiler'
mb-gcc -Wall -O0 -g3 -c -fmessage-length=0 -D __XMK__ -I../../xilkernel_bsp_0/microblaze_0/include -mlittle-endian -mxl-barrel-shift -mxl-pattern-compare -mcpu=v8.50.c -mno-xl-soft-mul -Wl,--no-relax -ffunction-sections -fdata-sections -MMD -MP -MF"src/hw_lcd.d" -MT"src/hw_lcd.d" -o "src/hw_lcd.o" "../src/hw_lcd.c"
../src/hw_lcd.c: In function 'button_N_int_handler':
../src/hw_lcd.c:95:2: warning: passing argument 2 of 'sem_getvalue' from incompatible pointer type [enabled by default]
../../xilkernel_bsp_0/microblaze_0/include/semaphore.h:74:8: note: expected 'int *' but argument is of type 'Xuint32 *'
../src/hw_lcd.c: In function 'button_E_int_handler':
../src/hw_lcd.c:107:2: warning: passing argument 2 of 'sem_getvalue' from incompatible pointer type [enabled by default]
../../xilkernel_bsp_0/microblaze_0/include/semaphore.h:74:8: note: expected 'int *' but argument is of type 'Xuint32 *'
../src/hw_lcd.c: In function 'button_S_int_handler':
../src/hw_lcd.c:119:2: warning: passing argument 2 of 'sem_getvalue' from incompatible pointer type [enabled by default]
../../xilkernel_bsp_0/microblaze_0/include/semaphore.h:74:8: note: expected 'int *' but argument is of type 'Xuint32 *'
../src/hw_lcd.c: In function 'button_W_int_handler':
../src/hw_lcd.c:131:2: warning: passing argument 2 of 'sem_getvalue' from incompatible pointer type [enabled by default]
../../xilkernel_bsp_0/microblaze_0/include/semaphore.h:74:8: note: expected 'int *' but argument is of type 'Xuint32 *'
../src/hw_lcd.c: In function 'button_C_int_handler':
../src/hw_lcd.c:144:2: warning: passing argument 2 of 'sem_getvalue' from incompatible pointer type [enabled by default]
../../xilkernel_bsp_0/microblaze_0/include/semaphore.h:74:8: note: expected 'int *' but argument is of type 'Xuint32 *'
../src/hw_lcd.c: In function 'run_clock':
../src/hw_lcd.c:296:6: warning: format '%d' expects argument of type 'int', but argument 3 has type 'Xuint32' [-Wformat]
../src/hw_lcd.c:296:6: warning: format '%d' expects argument of type 'int', but argument 4 has type 'Xuint32' [-Wformat]
../src/hw_lcd.c:296:6: warning: format '%d' expects argument of type 'int', but argument 5 has type 'Xuint32' [-Wformat]
../src/hw_lcd.c:296:6: warning: format '%d' expects argument of type 'int', but argument 3 has type 'Xuint32' [-Wformat]
../src/hw_lcd.c:296:6: warning: format '%d' expects argument of type 'int', but argument 4 has type 'Xuint32' [-Wformat]
../src/hw_lcd.c:296:6: warning: format '%d' expects argument of type 'int', but argument 5 has type 'Xuint32' [-Wformat]
../src/hw_lcd.c: In function 'stopwatch':
../src/hw_lcd.c:358:4: warning: format '%d' expects argument of type 'int', but argument 3 has type 'Xuint32' [-Wformat]
../src/hw_lcd.c:358:4: warning: format '%d' expects argument of type 'int', but argument 4 has type 'Xuint32' [-Wformat]
../src/hw_lcd.c:358:4: warning: format '%d' expects argument of type 'int', but argument 5 has type 'Xuint32' [-Wformat]
../src/hw_lcd.c:358:4: warning: format '%d' expects argument of type 'int', but argument 6 has type 'Xuint32' [-Wformat]
../src/hw_lcd.c:358:4: warning: format '%d' expects argument of type 'int', but argument 3 has type 'Xuint32' [-Wformat]
../src/hw_lcd.c:358:4: warning: format '%d' expects argument of type 'int', but argument 4 has type 'Xuint32' [-Wformat]
../src/hw_lcd.c:358:4: warning: format '%d' expects argument of type 'int', but argument 5 has type 'Xuint32' [-Wformat]
../src/hw_lcd.c:358:4: warning: format '%d' expects argument of type 'int', but argument 6 has type 'Xuint32' [-Wformat]
../src/hw_lcd.c: In function 'run_stopwatch':
../src/hw_lcd.c:452:10: warning: suggest parentheses around comparison in operand of '==' [-Wparentheses]
../src/hw_lcd.c:455:7: warning: format '%d' expects argument of type 'int', but argument 3 has type 'Xuint32' [-Wformat]
../src/hw_lcd.c:455:7: warning: format '%d' expects argument of type 'int', but argument 4 has type 'Xuint32' [-Wformat]
../src/hw_lcd.c:455:7: warning: format '%d' expects argument of type 'int', but argument 5 has type 'Xuint32' [-Wformat]
../src/hw_lcd.c:455:7: warning: format '%d' expects argument of type 'int', but argument 6 has type 'Xuint32' [-Wformat]
../src/hw_lcd.c:455:7: warning: format '%d' expects argument of type 'int', but argument 3 has type 'Xuint32' [-Wformat]
../src/hw_lcd.c:455:7: warning: format '%d' expects argument of type 'int', but argument 4 has type 'Xuint32' [-Wformat]
../src/hw_lcd.c:455:7: warning: format '%d' expects argument of type 'int', but argument 5 has type 'Xuint32' [-Wformat]
../src/hw_lcd.c:455:7: warning: format '%d' expects argument of type 'int', but argument 6 has type 'Xuint32' [-Wformat]
../src/hw_lcd.c: In function 'set_time':
../src/hw_lcd.c:513:3: warning: format '%d' expects argument of type 'int', but argument 3 has type 'Xuint32' [-Wformat]
../src/hw_lcd.c:513:3: warning: format '%d' expects argument of type 'int', but argument 4 has type 'Xuint32' [-Wformat]
../src/hw_lcd.c:513:3: warning: format '%d' expects argument of type 'int', but argument 5 has type 'Xuint32' [-Wformat]
../src/hw_lcd.c:513:3: warning: format '%d' expects argument of type 'int', but argument 3 has type 'Xuint32' [-Wformat]
../src/hw_lcd.c:513:3: warning: format '%d' expects argument of type 'int', but argument 4 has type 'Xuint32' [-Wformat]
../src/hw_lcd.c:513:3: warning: format '%d' expects argument of type 'int', but argument 5 has type 'Xuint32' [-Wformat]
'Finished building: ../src/hw_lcd.c'
' '
'Building target: project.elf'
'Invoking: MicroBlaze gcc linker'
mb-gcc -Wl,-T -Wl,../src/lscript.ld -L../../xilkernel_bsp_0/microblaze_0/lib -mlittle-endian -mxl-barrel-shift -mxl-pattern-compare -mcpu=v8.50.c -mno-xl-soft-mul -Wl,--no-relax -Wl,--gc-sections -o "project.elf"  ./src/hw_lcd.o ./src/lcd.o   -lxilkernel
'Finished building target: project.elf'
' '
'Invoking: MicroBlaze Print Size'
mb-size project.elf  |tee "project.elf.size"
   text	   data	    bss	    dec	    hex	filename
  78080	   1788	  17604	  97472	  17cc0	project.elf
'Finished building: project.elf.size'
' '
'Invoking: Xilinx ELF Check'
elfcheck project.elf -hw ../../05-04-18_hw_platform/system.xml -pe microblaze_0  |tee "project.elf.elfcheck"
elfcheck
Xilinx EDK 14.7 Build EDK_P.20131013
Copyright (c) 1995-2012 Xilinx, Inc.  All rights reserved.

Command Line: elfcheck -hw ../../05-04-18_hw_platform/system.xml -pe
microblaze_0 project.elf 

ELF file	: project.elf
elfcheck passed.
'Finished building: project.elf.elfcheck'
' '
18:51:49 **** Incremental Build of configuration Debug for project project ****
make all 
make: Nothing to be done for `all'.
19:02:15 **** Auto Build of configuration Debug for project project ****
make all 
make: Nothing to be done for `all'.
19:02:23 **** Incremental Build of configuration Debug for project project ****
make all 
make: Nothing to be done for `all'.
19:32:00 **** Incremental Build of configuration Debug for project project ****
make all 
make: Nothing to be done for `all'.
19:38:54 **** Build of project project_bsp ****
make -k all 
'Finished building libraries'
19:38:54 **** Build of project xilkernel_bsp_0 ****
make -k all 
'Finished building libraries'
19:38:54 **** Build of configuration Debug for project project ****
make all 
'Building file: ../src/lcd.c'
'Invoking: MicroBlaze gcc compiler'
mb-gcc -Wall -O0 -g3 -c -fmessage-length=0 -D __XMK__ -I../../xilkernel_bsp_0/microblaze_0/include -mlittle-endian -mxl-barrel-shift -mxl-pattern-compare -mcpu=v8.50.c -mno-xl-soft-mul -Wl,--no-relax -ffunction-sections -fdata-sections -MMD -MP -MF"src/lcd.d" -MT"src/lcd.d" -o "src/lcd.o" "../src/lcd.c"
'Finished building: ../src/lcd.c'
' '
'Building target: project.elf'
'Invoking: MicroBlaze gcc linker'
mb-gcc -Wl,-T -Wl,../src/lscript.ld -L../../xilkernel_bsp_0/microblaze_0/lib -mlittle-endian -mxl-barrel-shift -mxl-pattern-compare -mcpu=v8.50.c -mno-xl-soft-mul -Wl,--no-relax -Wl,--gc-sections -o "project.elf"  ./src/hw_lcd.o ./src/lcd.o   -lxilkernel
'Finished building target: project.elf'
' '
'Invoking: MicroBlaze Print Size'
mb-size project.elf  |tee "project.elf.size"
   text	   data	    bss	    dec	    hex	filename
  78080	   1788	  17604	  97472	  17cc0	project.elf
'Finished building: project.elf.size'
' '
'Invoking: Xilinx ELF Check'
elfcheck project.elf -hw ../../05-04-18_hw_platform/system.xml -pe microblaze_0  |tee "project.elf.elfcheck"
elfcheck
Xilinx EDK 14.7 Build EDK_P.20131013
Copyright (c) 1995-2012 Xilinx, Inc.  All rights reserved.

Command Line: elfcheck -hw ../../05-04-18_hw_platform/system.xml -pe
microblaze_0 project.elf 

ELF file	: project.elf
elfcheck passed.
'Finished building: project.elf.elfcheck'
' '
19:47:02 **** Auto Build of configuration Debug for project project ****
make all 
make: Nothing to be done for `all'.
19:47:15 **** Incremental Build of configuration Debug for project project ****
make all 
make: Nothing to be done for `all'.
19:48:20 **** Clean-only build of configuration Debug for project project ****
make clean 
rm -rf  ./src/hw_lcd.o ./src/lcd.o  ./src/hw_lcd.d ./src/lcd.d  project.elf.size  project.elf.elfcheck  project.elf
' '
19:48:20 **** Auto Build of configuration Debug for project project ****
make all 
'Building file: ../src/lcd.c'
'Invoking: MicroBlaze gcc compiler'
mb-gcc -Wall -O0 -g3 -c -fmessage-length=0 -D __XMK__ -I../../xilkernel_bsp_0/microblaze_0/include -mlittle-endian -mxl-barrel-shift -mxl-pattern-compare -mcpu=v8.50.c -mno-xl-soft-mul -Wl,--no-relax -ffunction-sections -fdata-sections -MMD -MP -MF"src/lcd.d" -MT"src/lcd.d" -o "src/lcd.o" "../src/lcd.c"
'Finished building: ../src/lcd.c'
' '
'Building file: ../src/main.c'
'Invoking: MicroBlaze gcc compiler'
mb-gcc -Wall -O0 -g3 -c -fmessage-length=0 -D __XMK__ -I../../xilkernel_bsp_0/microblaze_0/include -mlittle-endian -mxl-barrel-shift -mxl-pattern-compare -mcpu=v8.50.c -mno-xl-soft-mul -Wl,--no-relax -ffunction-sections -fdata-sections -MMD -MP -MF"src/main.d" -MT"src/main.d" -o "src/main.o" "../src/main.c"
../src/main.c: In function 'button_N_int_handler':
../src/main.c:95:2: warning: passing argument 2 of 'sem_getvalue' from incompatible pointer type [enabled by default]
../../xilkernel_bsp_0/microblaze_0/include/semaphore.h:74:8: note: expected 'int *' but argument is of type 'Xuint32 *'
../src/main.c: In function 'button_E_int_handler':
../src/main.c:107:2: warning: passing argument 2 of 'sem_getvalue' from incompatible pointer type [enabled by default]
../../xilkernel_bsp_0/microblaze_0/include/semaphore.h:74:8: note: expected 'int *' but argument is of type 'Xuint32 *'
../src/main.c: In function 'button_S_int_handler':
../src/main.c:119:2: warning: passing argument 2 of 'sem_getvalue' from incompatible pointer type [enabled by default]
../../xilkernel_bsp_0/microblaze_0/include/semaphore.h:74:8: note: expected 'int *' but argument is of type 'Xuint32 *'
../src/main.c: In function 'button_W_int_handler':
../src/main.c:131:2: warning: passing argument 2 of 'sem_getvalue' from incompatible pointer type [enabled by default]
../../xilkernel_bsp_0/microblaze_0/include/semaphore.h:74:8: note: expected 'int *' but argument is of type 'Xuint32 *'
../src/main.c: In function 'button_C_int_handler':
../src/main.c:144:2: warning: passing argument 2 of 'sem_getvalue' from incompatible pointer type [enabled by default]
../../xilkernel_bsp_0/microblaze_0/include/semaphore.h:74:8: note: expected 'int *' but argument is of type 'Xuint32 *'
../src/main.c: In function 'run_clock':
../src/main.c:296:6: warning: format '%d' expects argument of type 'int', but argument 3 has type 'Xuint32' [-Wformat]
../src/main.c:296:6: warning: format '%d' expects argument of type 'int', but argument 4 has type 'Xuint32' [-Wformat]
../src/main.c:296:6: warning: format '%d' expects argument of type 'int', but argument 5 has type 'Xuint32' [-Wformat]
../src/main.c:296:6: warning: format '%d' expects argument of type 'int', but argument 3 has type 'Xuint32' [-Wformat]
../src/main.c:296:6: warning: format '%d' expects argument of type 'int', but argument 4 has type 'Xuint32' [-Wformat]
../src/main.c:296:6: warning: format '%d' expects argument of type 'int', but argument 5 has type 'Xuint32' [-Wformat]
../src/main.c: In function 'stopwatch':
../src/main.c:358:4: warning: format '%d' expects argument of type 'int', but argument 3 has type 'Xuint32' [-Wformat]
../src/main.c:358:4: warning: format '%d' expects argument of type 'int', but argument 4 has type 'Xuint32' [-Wformat]
../src/main.c:358:4: warning: format '%d' expects argument of type 'int', but argument 5 has type 'Xuint32' [-Wformat]
../src/main.c:358:4: warning: format '%d' expects argument of type 'int', but argument 6 has type 'Xuint32' [-Wformat]
../src/main.c:358:4: warning: format '%d' expects argument of type 'int', but argument 3 has type 'Xuint32' [-Wformat]
../src/main.c:358:4: warning: format '%d' expects argument of type 'int', but argument 4 has type 'Xuint32' [-Wformat]
../src/main.c:358:4: warning: format '%d' expects argument of type 'int', but argument 5 has type 'Xuint32' [-Wformat]
../src/main.c:358:4: warning: format '%d' expects argument of type 'int', but argument 6 has type 'Xuint32' [-Wformat]
../src/main.c: In function 'run_stopwatch':
../src/main.c:452:10: warning: suggest parentheses around comparison in operand of '==' [-Wparentheses]
../src/main.c:455:7: warning: format '%d' expects argument of type 'int', but argument 3 has type 'Xuint32' [-Wformat]
../src/main.c:455:7: warning: format '%d' expects argument of type 'int', but argument 4 has type 'Xuint32' [-Wformat]
../src/main.c:455:7: warning: format '%d' expects argument of type 'int', but argument 5 has type 'Xuint32' [-Wformat]
../src/main.c:455:7: warning: format '%d' expects argument of type 'int', but argument 6 has type 'Xuint32' [-Wformat]
../src/main.c:455:7: warning: format '%d' expects argument of type 'int', but argument 3 has type 'Xuint32' [-Wformat]
../src/main.c:455:7: warning: format '%d' expects argument of type 'int', but argument 4 has type 'Xuint32' [-Wformat]
../src/main.c:455:7: warning: format '%d' expects argument of type 'int', but argument 5 has type 'Xuint32' [-Wformat]
../src/main.c:455:7: warning: format '%d' expects argument of type 'int', but argument 6 has type 'Xuint32' [-Wformat]
../src/main.c: In function 'set_time':
../src/main.c:513:3: warning: format '%d' expects argument of type 'int', but argument 3 has type 'Xuint32' [-Wformat]
../src/main.c:513:3: warning: format '%d' expects argument of type 'int', but argument 4 has type 'Xuint32' [-Wformat]
../src/main.c:513:3: warning: format '%d' expects argument of type 'int', but argument 5 has type 'Xuint32' [-Wformat]
../src/main.c:513:3: warning: format '%d' expects argument of type 'int', but argument 3 has type 'Xuint32' [-Wformat]
../src/main.c:513:3: warning: format '%d' expects argument of type 'int', but argument 4 has type 'Xuint32' [-Wformat]
../src/main.c:513:3: warning: format '%d' expects argument of type 'int', but argument 5 has type 'Xuint32' [-Wformat]
'Finished building: ../src/main.c'
' '
'Building target: project.elf'
'Invoking: MicroBlaze gcc linker'
mb-gcc -Wl,-T -Wl,../src/lscript.ld -L../../xilkernel_bsp_0/microblaze_0/lib -mlittle-endian -mxl-barrel-shift -mxl-pattern-compare -mcpu=v8.50.c -mno-xl-soft-mul -Wl,--no-relax -Wl,--gc-sections -o "project.elf"  ./src/lcd.o ./src/main.o   -lxilkernel
'Finished building target: project.elf'
' '
'Invoking: MicroBlaze Print Size'
mb-size project.elf  |tee "project.elf.size"
   text	   data	    bss	    dec	    hex	filename
  78080	   1788	  17604	  97472	  17cc0	project.elf
'Finished building: project.elf.size'
' '
'Invoking: Xilinx ELF Check'
elfcheck project.elf -hw ../../05-04-18_hw_platform/system.xml -pe microblaze_0  |tee "project.elf.elfcheck"
elfcheck
Xilinx EDK 14.7 Build EDK_P.20131013
Copyright (c) 1995-2012 Xilinx, Inc.  All rights reserved.

Command Line: elfcheck -hw ../../05-04-18_hw_platform/system.xml -pe
microblaze_0 project.elf 

ELF file	: project.elf
elfcheck passed.
'Finished building: project.elf.elfcheck'
' '
19:48:26 **** Incremental Build of configuration Debug for project project ****
make all 
make: Nothing to be done for `all'.
19:49:26 **** Incremental Build of configuration Debug for project project ****
make all 
make: Nothing to be done for `all'.
